test	Set up job	﻿2026-09-21T08:09:47.8301658Z Current runner version: '2.337.0'
test	Set up job	2026-09-21T08:09:47.8338566Z ##[group]Runner Image Provisioner
test	Set up job	2026-09-21T08:09:47.8340045Z Hosted Compute Agent
test	Set up job	2026-09-21T08:09:47.8341057Z Version: 20260828.587
test	Set up job	2026-09-21T08:09:47.8342093Z Commit: abac92662cab4cc7352de4f9f9d2e2419aad9c29
test	Set up job	2026-09-21T08:09:47.8343887Z Build Date: 2026-08-28T16:44:25Z
test	Set up job	2026-09-21T08:09:47.8345083Z Worker ID: {fc707387-f31e-4595-b203-4d38c1e96444}
test	Set up job	2026-09-21T08:09:47.8346296Z Azure Region: eastus
test	Set up job	2026-09-21T08:09:47.8347306Z ##[endgroup]
test	Set up job	2026-09-21T08:09:47.8349469Z ##[group]Operating System
test	Set up job	2026-09-21T08:09:47.8350645Z Ubuntu
test	Set up job	2026-09-21T08:09:47.8351545Z 24.04.5
test	Set up job	2026-09-21T08:09:47.8352385Z LTS
test	Set up job	2026-09-21T08:09:47.8353602Z ##[endgroup]
test	Set up job	2026-09-21T08:09:47.8354537Z ##[group]Runner Image
test	Set up job	2026-09-21T08:09:47.8355637Z Image: ubuntu-24.04
test	Set up job	2026-09-21T08:09:47.8356591Z Version: 20260907.300.1
test	Set up job	2026-09-21T08:09:47.8358509Z Included Software: https://github.com/actions/runner-images/blob/ubuntu24/20260907.300/images/ubuntu/Ubuntu2404-Readme.md
test	Set up job	2026-09-21T08:09:47.8361317Z Image Release: https://github.com/actions/runner-images/releases/tag/ubuntu24%2F20260907.300
test	Set up job	2026-09-21T08:09:47.8363386Z ##[endgroup]
test	Set up job	2026-09-21T08:09:47.8365363Z ##[group]GITHUB_TOKEN Permissions
test	Set up job	2026-09-21T08:09:47.8368179Z Contents: read
test	Set up job	2026-09-21T08:09:47.8369105Z Metadata: read
test	Set up job	2026-09-21T08:09:47.8370120Z Packages: read
test	Set up job	2026-09-21T08:09:47.8371119Z ##[endgroup]
test	Set up job	2026-09-21T08:09:47.8374627Z Secret source: Actions
test	Set up job	2026-09-21T08:09:47.8376252Z Cache mode: write
test	Set up job	2026-09-21T08:09:47.8377394Z Prepare workflow directory
test	Set up job	2026-09-21T08:09:47.8862410Z Prepare all required actions
test	Set up job	2026-09-21T08:09:47.8936497Z Getting action download info
test	Set up job	2026-09-21T08:09:48.1291503Z Download action repository 'actions/checkout@v4' (SHA:11d5960a326750d5838078e36cf38b85af677262)
test	Set up job	2026-09-21T08:09:48.2326727Z Download action repository 'pnpm/action-setup@v4' (SHA:b906affcce14559ad1aafd4ab0e942779e9f58b1)
test	Set up job	2026-09-21T08:09:48.4122576Z Download action repository 'actions/setup-node@v4' (SHA:49933ea5288caeca8642d1e84afbd3f7d6820020)
test	Set up job	2026-09-21T08:09:48.6003028Z Complete job name: test
test	Run actions/checkout@v4	﻿2026-09-21T08:09:48.6773525Z Node 20 is being deprecated. This workflow is running with Node 24 by default. If you need to temporarily use Node 20, you can set the ACTIONS_ALLOW_USE_UNSECURE_NODE_VERSION=true environment variable. For more information see: https://github.blog/changelog/2025-09-19-deprecation-of-node-20-on-github-actions-runners/
test	Run actions/checkout@v4	2026-09-21T08:09:48.6781748Z ##[group]Run actions/checkout@v4
test	Run actions/checkout@v4	2026-09-21T08:09:48.6782514Z with:
test	Run actions/checkout@v4	2026-09-21T08:09:48.6783330Z   repository: chenmohan123/chenmohan123.github.io
test	Run actions/checkout@v4	2026-09-21T08:09:48.6787338Z   token: ***
test	Run actions/checkout@v4	2026-09-21T08:09:48.6787770Z   ssh-strict: true
test	Run actions/checkout@v4	2026-09-21T08:09:48.6788212Z   ssh-user: git
test	Run actions/checkout@v4	2026-09-21T08:09:48.6788662Z   persist-credentials: true
test	Run actions/checkout@v4	2026-09-21T08:09:48.6789153Z   clean: true
test	Run actions/checkout@v4	2026-09-21T08:09:48.6789598Z   sparse-checkout-cone-mode: true
test	Run actions/checkout@v4	2026-09-21T08:09:48.6790126Z   fetch-depth: 1
test	Run actions/checkout@v4	2026-09-21T08:09:48.6790557Z   fetch-tags: false
test	Run actions/checkout@v4	2026-09-21T08:09:48.6791003Z   show-progress: true
test	Run actions/checkout@v4	2026-09-21T08:09:48.6791476Z   lfs: false
test	Run actions/checkout@v4	2026-09-21T08:09:48.6791895Z   submodules: false
test	Run actions/checkout@v4	2026-09-21T08:09:48.6792373Z   set-safe-directory: true
test	Run actions/checkout@v4	2026-09-21T08:09:48.6793018Z   allow-unsafe-pr-checkout: false
test	Run actions/checkout@v4	2026-09-21T08:09:48.6793831Z ##[endgroup]
test	Run actions/checkout@v4	2026-09-21T08:09:48.7768300Z Syncing repository: chenmohan123/chenmohan123.github.io
test	Run actions/checkout@v4	2026-09-21T08:09:48.7770468Z ##[group]Getting Git version info
test	Run actions/checkout@v4	2026-09-21T08:09:48.7771512Z Working directory is '/home/runner/work/chenmohan123.github.io/chenmohan123.github.io'
test	Run actions/checkout@v4	2026-09-21T08:09:48.7773198Z [command]/usr/bin/git version
test	Run actions/checkout@v4	2026-09-21T08:09:48.7840020Z git version 2.55.0
test	Run actions/checkout@v4	2026-09-21T08:09:48.7861470Z ##[endgroup]
test	Run actions/checkout@v4	2026-09-21T08:09:48.7875999Z Temporarily overriding HOME='/home/runner/work/_temp/841e7798-3801-4d29-b723-8ef06ff9412f' before making global git config changes
test	Run actions/checkout@v4	2026-09-21T08:09:48.7877577Z Adding repository directory to the temporary git global config as a safe directory
test	Run actions/checkout@v4	2026-09-21T08:09:48.7881689Z [command]/usr/bin/git config --global --add safe.directory /home/runner/work/chenmohan123.github.io/chenmohan123.github.io
test	Run actions/checkout@v4	2026-09-21T08:09:48.7932630Z Deleting the contents of '/home/runner/work/chenmohan123.github.io/chenmohan123.github.io'
test	Run actions/checkout@v4	2026-09-21T08:09:48.7938831Z ##[group]Initializing the repository
test	Run actions/checkout@v4	2026-09-21T08:09:48.7945057Z [command]/usr/bin/git init /home/runner/work/chenmohan123.github.io/chenmohan123.github.io
test	Run actions/checkout@v4	2026-09-21T08:09:48.8056200Z hint: Using 'master' as the name for the initial branch. This default branch name
test	Run actions/checkout@v4	2026-09-21T08:09:48.8057804Z hint: will change to "main" in Git 3.0. To configure the initial branch name
test	Run actions/checkout@v4	2026-09-21T08:09:48.8059886Z hint: to use in all of your new repositories, which will suppress this warning,
test	Run actions/checkout@v4	2026-09-21T08:09:48.8061501Z hint: call:
test	Run actions/checkout@v4	2026-09-21T08:09:48.8062543Z hint:
test	Run actions/checkout@v4	2026-09-21T08:09:48.8064054Z hint: 	git config --global init.defaultBranch <name>
test	Run actions/checkout@v4	2026-09-21T08:09:48.8065423Z hint:
test	Run actions/checkout@v4	2026-09-21T08:09:48.8066902Z hint: Names commonly chosen instead of 'master' are 'main', 'trunk' and
test	Run actions/checkout@v4	2026-09-21T08:09:48.8068749Z hint: 'development'. The just-created branch can be renamed via this command:
test	Run actions/checkout@v4	2026-09-21T08:09:48.8070446Z hint:
test	Run actions/checkout@v4	2026-09-21T08:09:48.8071598Z hint: 	git branch -m <name>
test	Run actions/checkout@v4	2026-09-21T08:09:48.8072920Z hint:
test	Run actions/checkout@v4	2026-09-21T08:09:48.8074423Z hint: Disable this message with "git config set advice.defaultBranchName false"
test	Run actions/checkout@v4	2026-09-21T08:09:48.8076648Z Initialized empty Git repository in /home/runner/work/chenmohan123.github.io/chenmohan123.github.io/.git/
test	Run actions/checkout@v4	2026-09-21T08:09:48.8080196Z [command]/usr/bin/git remote add origin https://github.com/chenmohan123/chenmohan123.github.io
test	Run actions/checkout@v4	2026-09-21T08:09:48.8118047Z ##[endgroup]
test	Run actions/checkout@v4	2026-09-21T08:09:48.8119735Z ##[group]Disabling automatic garbage collection
test	Run actions/checkout@v4	2026-09-21T08:09:48.8121907Z [command]/usr/bin/git config --local gc.auto 0
test	Run actions/checkout@v4	2026-09-21T08:09:48.8150642Z ##[endgroup]
test	Run actions/checkout@v4	2026-09-21T08:09:48.8152334Z ##[group]Setting up auth
test	Run actions/checkout@v4	2026-09-21T08:09:48.8158062Z [command]/usr/bin/git config --local --name-only --get-regexp core\.sshCommand
test	Run actions/checkout@v4	2026-09-21T08:09:48.8190973Z [command]/usr/bin/git submodule foreach --recursive sh -c "git config --local --name-only --get-regexp 'core\.sshCommand' && git config --local --unset-all 'core.sshCommand' || :"
test	Run actions/checkout@v4	2026-09-21T08:09:48.8547758Z [command]/usr/bin/git config --local --name-only --get-regexp http\.https\:\/\/github\.com\/\.extraheader
test	Run actions/checkout@v4	2026-09-21T08:09:48.8585225Z [command]/usr/bin/git submodule foreach --recursive sh -c "git config --local --name-only --get-regexp 'http\.https\:\/\/github\.com\/\.extraheader' && git config --local --unset-all 'http.https://github.com/.extraheader' || :"
test	Run actions/checkout@v4	2026-09-21T08:09:48.8841828Z [command]/usr/bin/git config --local --name-only --get-regexp ^includeIf\.gitdir:
test	Run actions/checkout@v4	2026-09-21T08:09:48.8870564Z [command]/usr/bin/git submodule foreach --recursive git config --local --show-origin --name-only --get-regexp remote.origin.url
test	Run actions/checkout@v4	2026-09-21T08:09:48.9096412Z [command]/usr/bin/git config --local http.https://github.com/.extraheader AUTHORIZATION: basic ***
test	Run actions/checkout@v4	2026-09-21T08:09:48.9131405Z ##[endgroup]
test	Run actions/checkout@v4	2026-09-21T08:09:48.9133608Z ##[group]Fetching the repository
test	Run actions/checkout@v4	2026-09-21T08:09:48.9142011Z [command]/usr/bin/git -c protocol.version=2 fetch --no-tags --prune --no-recurse-submodules --depth=1 origin +90c04f7f678cdec993089d9900cb1eb218eb42e4:refs/remotes/pull/48/merge
test	Run actions/checkout@v4	2026-09-21T08:09:49.6728628Z From https://github.com/chenmohan123/chenmohan123.github.io
test	Run actions/checkout@v4	2026-09-21T08:09:49.6730849Z  * [new ref]         90c04f7f678cdec993089d9900cb1eb218eb42e4 -> pull/48/merge
test	Run actions/checkout@v4	2026-09-21T08:09:49.6735116Z ##[endgroup]
test	Run actions/checkout@v4	2026-09-21T08:09:49.6736928Z ##[group]Determining the checkout info
test	Run actions/checkout@v4	2026-09-21T08:09:49.6738859Z ##[endgroup]
test	Run actions/checkout@v4	2026-09-21T08:09:49.6744271Z [command]/usr/bin/git sparse-checkout disable
test	Run actions/checkout@v4	2026-09-21T08:09:49.6805670Z [command]/usr/bin/git config --local --unset-all extensions.worktreeConfig
test	Run actions/checkout@v4	2026-09-21T08:09:49.6876954Z ##[group]Checking out the ref
test	Run actions/checkout@v4	2026-09-21T08:09:49.6881382Z [command]/usr/bin/git checkout --progress --force refs/remotes/pull/48/merge
test	Run actions/checkout@v4	2026-09-21T08:09:49.8078378Z Note: switching to 'refs/remotes/pull/48/merge'.
test	Run actions/checkout@v4	2026-09-21T08:09:49.8079775Z 
test	Run actions/checkout@v4	2026-09-21T08:09:49.8080490Z You are in 'detached HEAD' state. You can look around, make experimental
test	Run actions/checkout@v4	2026-09-21T08:09:49.8081889Z changes and commit them, and you can discard any commits you make in this
test	Run actions/checkout@v4	2026-09-21T08:09:49.8083847Z state without impacting any branches by switching back to a branch.
test	Run actions/checkout@v4	2026-09-21T08:09:49.8084661Z 
test	Run actions/checkout@v4	2026-09-21T08:09:49.8085343Z If you want to create a new branch to retain commits you create, you may
test	Run actions/checkout@v4	2026-09-21T08:09:49.8086710Z do so (now or later) by using -c with the switch command. Example:
test	Run actions/checkout@v4	2026-09-21T08:09:49.8087552Z 
test	Run actions/checkout@v4	2026-09-21T08:09:49.8087951Z   git switch -c <new-branch-name>
test	Run actions/checkout@v4	2026-09-21T08:09:49.8088659Z 
test	Run actions/checkout@v4	2026-09-21T08:09:49.8089073Z Or undo this operation with:
test	Run actions/checkout@v4	2026-09-21T08:09:49.8089675Z 
test	Run actions/checkout@v4	2026-09-21T08:09:49.8090073Z   git switch -
test	Run actions/checkout@v4	2026-09-21T08:09:49.8090533Z 
test	Run actions/checkout@v4	2026-09-21T08:09:49.8091325Z Turn off this advice by setting config variable advice.detachedHead to false
test	Run actions/checkout@v4	2026-09-21T08:09:49.8092356Z 
test	Run actions/checkout@v4	2026-09-21T08:09:49.8093750Z HEAD is now at 90c04f7 Merge 521a7f5f156fd1cb921d08393fe9bec834131d40 into a0cc187c59d7ce2b485dbfa4e82911830d519008
test	Run actions/checkout@v4	2026-09-21T08:09:49.8100157Z ##[endgroup]
test	Run actions/checkout@v4	2026-09-21T08:09:49.8141460Z [command]/usr/bin/git log -1 --format=%H
test	Run actions/checkout@v4	2026-09-21T08:09:49.8165224Z 90c04f7f678cdec993089d9900cb1eb218eb42e4
test	Run pnpm/action-setup@v4	﻿2026-09-21T08:09:49.8528055Z Node 20 is being deprecated. This workflow is running with Node 24 by default. If you need to temporarily use Node 20, you can set the ACTIONS_ALLOW_USE_UNSECURE_NODE_VERSION=true environment variable. For more information see: https://github.blog/changelog/2025-09-19-deprecation-of-node-20-on-github-actions-runners/
test	Run pnpm/action-setup@v4	2026-09-21T08:09:49.8533710Z ##[group]Run pnpm/action-setup@v4
test	Run pnpm/action-setup@v4	2026-09-21T08:09:49.8534923Z with:
test	Run pnpm/action-setup@v4	2026-09-21T08:09:49.8535840Z   version: 10
test	Run pnpm/action-setup@v4	2026-09-21T08:09:49.8536806Z   dest: ~/setup-pnpm
test	Run pnpm/action-setup@v4	2026-09-21T08:09:49.8537827Z   run_install: null
test	Run pnpm/action-setup@v4	2026-09-21T08:09:49.8538790Z   cache: false
test	Run pnpm/action-setup@v4	2026-09-21T08:09:49.8539780Z   cache_dependency_path: pnpm-lock.yaml
test	Run pnpm/action-setup@v4	2026-09-21T08:09:49.8541019Z   package_json_file: package.json
test	Run pnpm/action-setup@v4	2026-09-21T08:09:49.8542159Z   standalone: false
test	Run pnpm/action-setup@v4	2026-09-21T08:09:49.8543430Z ##[endgroup]
test	Run pnpm/action-setup@v4	2026-09-21T08:09:50.0067949Z ##[group]Running self-installer...
test	Run pnpm/action-setup@v4	2026-09-21T08:09:50.4098238Z (node:2248) [DEP0169] DeprecationWarning: `url.parse()` behavior is not standardized and prone to errors that have security implications. Use the WHATWG URL API instead. CVEs are not issued for `url.parse()` vulnerabilities.
test	Run pnpm/action-setup@v4	2026-09-21T08:09:50.4100563Z (Use `node --trace-deprecation ...` to show where the warning was created)
test	Run pnpm/action-setup@v4	2026-09-21T08:09:50.5536651Z Progress: resolved 1, reused 0, downloaded 0, added 0
test	Run pnpm/action-setup@v4	2026-09-21T08:09:50.5629594Z Packages: +1
test	Run pnpm/action-setup@v4	2026-09-21T08:09:50.5630510Z +
test	Run pnpm/action-setup@v4	2026-09-21T08:09:50.9673258Z Progress: resolved 1, reused 0, downloaded 1, added 1, done
test	Run pnpm/action-setup@v4	2026-09-21T08:09:50.9928853Z 
test	Run pnpm/action-setup@v4	2026-09-21T08:09:50.9929362Z dependencies:
test	Run pnpm/action-setup@v4	2026-09-21T08:09:50.9930312Z + pnpm 10.34.5 (12.5.1 is available)
test	Run pnpm/action-setup@v4	2026-09-21T08:09:50.9930693Z 
test	Run pnpm/action-setup@v4	2026-09-21T08:09:50.9961163Z Done in 818ms
test	Run pnpm/action-setup@v4	2026-09-21T08:09:51.0147507Z ##[endgroup]
test	Run pnpm/action-setup@v4	2026-09-21T08:09:51.0148527Z Installation Completed!
test	Run actions/setup-node@v4	﻿2026-09-21T08:09:51.0345721Z Node 20 is being deprecated. This workflow is running with Node 24 by default. If you need to temporarily use Node 20, you can set the ACTIONS_ALLOW_USE_UNSECURE_NODE_VERSION=true environment variable. For more information see: https://github.blog/changelog/2025-09-19-deprecation-of-node-20-on-github-actions-runners/
test	Run actions/setup-node@v4	2026-09-21T08:09:51.0347062Z ##[group]Run actions/setup-node@v4
test	Run actions/setup-node@v4	2026-09-21T08:09:51.0347343Z with:
test	Run actions/setup-node@v4	2026-09-21T08:09:51.0347540Z   node-version: 22.12.0
test	Run actions/setup-node@v4	2026-09-21T08:09:51.0347761Z   cache: pnpm
test	Run actions/setup-node@v4	2026-09-21T08:09:51.0347962Z   always-auth: false
test	Run actions/setup-node@v4	2026-09-21T08:09:51.0348187Z   check-latest: false
test	Run actions/setup-node@v4	2026-09-21T08:09:51.0350875Z   token: ***
test	Run actions/setup-node@v4	2026-09-21T08:09:51.0351078Z env:
test	Run actions/setup-node@v4	2026-09-21T08:09:51.0351321Z   PNPM_HOME: /home/runner/setup-pnpm/node_modules/.bin
test	Run actions/setup-node@v4	2026-09-21T08:09:51.0351635Z ##[endgroup]
test	Run actions/setup-node@v4	2026-09-21T08:09:51.1744602Z Attempting to download 22.12.0...
test	Run actions/setup-node@v4	2026-09-21T08:09:51.1853868Z (node:2263) [DEP0040] DeprecationWarning: The `punycode` module is deprecated. Please use a userland alternative instead.
test	Run actions/setup-node@v4	2026-09-21T08:09:51.1855855Z (Use `node --trace-deprecation ...` to show where the warning was created)
test	Run actions/setup-node@v4	2026-09-21T08:09:51.7733738Z Acquiring 22.12.0 - x64 from https://github.com/actions/node-versions/releases/download/22.12.0-12152383658/node-22.12.0-linux-x64.tar.gz
test	Run actions/setup-node@v4	2026-09-21T08:09:52.2134068Z Extracting ...
test	Run actions/setup-node@v4	2026-09-21T08:09:52.2257843Z [command]/usr/bin/tar xz --strip 1 --warning=no-unknown-keyword --overwrite -C /home/runner/work/_temp/cdf2d80a-a3ed-485e-a64c-ea79d67ab84f -f /home/runner/work/_temp/84e34aab-b18e-46b9-947d-0b5189aeae18
test	Run actions/setup-node@v4	2026-09-21T08:09:53.4164871Z Adding to the cache ...
test	Run actions/setup-node@v4	2026-09-21T08:09:55.5348926Z ##[group]Environment details
test	Run actions/setup-node@v4	2026-09-21T08:09:55.7603887Z node: v22.12.0
test	Run actions/setup-node@v4	2026-09-21T08:09:55.7604517Z npm: 10.9.0
test	Run actions/setup-node@v4	2026-09-21T08:09:55.7604861Z yarn: 1.22.22
test	Run actions/setup-node@v4	2026-09-21T08:09:55.7605637Z ##[endgroup]
test	Run actions/setup-node@v4	2026-09-21T08:09:55.7630268Z [command]/home/runner/setup-pnpm/node_modules/.bin/pnpm store path --silent
test	Run actions/setup-node@v4	2026-09-21T08:09:56.1681064Z /home/runner/setup-pnpm/node_modules/.bin/store/v10
test	Run actions/setup-node@v4	2026-09-21T08:09:56.2444185Z Cache hit for: node-cache-Linux-x64-pnpm-4a292ecfb2c4e69962f3d5c8b53953bb8f5e8c5530766af6e926b59b50290729
test	Run actions/setup-node@v4	2026-09-21T08:09:56.2560274Z (node:2263) [DEP0169] DeprecationWarning: `url.parse()` behavior is not standardized and prone to errors that have security implications. Use the WHATWG URL API instead. CVEs are not issued for `url.parse()` vulnerabilities.
test	Run actions/setup-node@v4	2026-09-21T08:09:56.6566819Z Received 75638451 of 75638451 (100.0%), 191.8 MBs/sec
test	Run actions/setup-node@v4	2026-09-21T08:09:56.6568035Z Cache Size: ~72 MB (75638451 B)
test	Run actions/setup-node@v4	2026-09-21T08:09:56.6603561Z [command]/usr/bin/tar -xf /home/runner/work/_temp/795a1de2-20ea-40dd-a972-8f7f3596f9a1/cache.tzst -P -C /home/runner/work/chenmohan123.github.io/chenmohan123.github.io --use-compress-program unzstd
test	Run actions/setup-node@v4	2026-09-21T08:09:57.6528980Z Cache restored successfully
test	Run actions/setup-node@v4	2026-09-21T08:09:57.6570765Z Cache restored from key: node-cache-Linux-x64-pnpm-4a292ecfb2c4e69962f3d5c8b53953bb8f5e8c5530766af6e926b59b50290729
test	Run pnpm install --frozen-lockfile	﻿2026-09-21T08:09:57.6757742Z ##[group]Run pnpm install --frozen-lockfile
test	Run pnpm install --frozen-lockfile	2026-09-21T08:09:57.6758160Z ^[[36;1mpnpm install --frozen-lockfile^[[0m
test	Run pnpm install --frozen-lockfile	2026-09-21T08:09:57.6798411Z shell: /usr/bin/bash -e {0}
test	Run pnpm install --frozen-lockfile	2026-09-21T08:09:57.6798691Z env:
test	Run pnpm install --frozen-lockfile	2026-09-21T08:09:57.6798948Z   PNPM_HOME: /home/runner/setup-pnpm/node_modules/.bin
test	Run pnpm install --frozen-lockfile	2026-09-21T08:09:57.6799266Z ##[endgroup]
test	Run pnpm install --frozen-lockfile	2026-09-21T08:09:58.0583003Z Lockfile is up to date, resolution step is skipped
test	Run pnpm install --frozen-lockfile	2026-09-21T08:09:58.1025601Z Progress: resolved 1, reused 0, downloaded 0, added 0
test	Run pnpm install --frozen-lockfile	2026-09-21T08:09:58.1924431Z Packages: +409
test	Run pnpm install --frozen-lockfile	2026-09-21T08:09:58.1933861Z ++++++++++++++++++++++++++++++++++++++++++++++++++++++++++++++++++++++++++++++++
test	Run pnpm install --frozen-lockfile	2026-09-21T08:09:58.9625194Z Progress: resolved 409, reused 409, downloaded 0, added 409, done
test	Run pnpm install --frozen-lockfile	2026-09-21T08:09:59.5540798Z 
test	Run pnpm install --frozen-lockfile	2026-09-21T08:09:59.5541467Z dependencies:
test	Run pnpm install --frozen-lockfile	2026-09-21T08:09:59.5542110Z + @astrojs/react 6.0.4
test	Run pnpm install --frozen-lockfile	2026-09-21T08:09:59.5542528Z + @types/react 19.2.18
test	Run pnpm install --frozen-lockfile	2026-09-21T08:09:59.5543195Z + @types/react-dom 19.2.5
test	Run pnpm install --frozen-lockfile	2026-09-21T08:09:59.5543645Z + astro 7.2.8
test	Run pnpm install --frozen-lockfile	2026-09-21T08:09:59.5544157Z + lucide-react 1.34.0
test	Run pnpm install --frozen-lockfile	2026-09-21T08:09:59.5544527Z + react 19.2.8
test	Run pnpm install --frozen-lockfile	2026-09-21T08:09:59.5544908Z + react-dom 19.2.8
test	Run pnpm install --frozen-lockfile	2026-09-21T08:09:59.5545303Z + tinyglobby 0.2.17
test	Run pnpm install --frozen-lockfile	2026-09-21T08:09:59.5545660Z + yaml 2.9.0
test	Run pnpm install --frozen-lockfile	2026-09-21T08:09:59.5545981Z + zod 4.4.3
test	Run pnpm install --frozen-lockfile	2026-09-21T08:09:59.5546175Z 
test	Run pnpm install --frozen-lockfile	2026-09-21T08:09:59.5546325Z devDependencies:
test	Run pnpm install --frozen-lockfile	2026-09-21T08:09:59.5546703Z + @astrojs/check 0.9.10
test	Run pnpm install --frozen-lockfile	2026-09-21T08:09:59.5547135Z + @playwright/test 1.62.1
test	Run pnpm install --frozen-lockfile	2026-09-21T08:09:59.5547665Z + @testing-library/jest-dom 7.0.1
test	Run pnpm install --frozen-lockfile	2026-09-21T08:09:59.5548240Z + @testing-library/react 16.3.2
test	Run pnpm install --frozen-lockfile	2026-09-21T08:09:59.5548746Z + @types/node 22.20.1
test	Run pnpm install --frozen-lockfile	2026-09-21T08:09:59.5549154Z + ajv 8.20.0
test	Run pnpm install --frozen-lockfile	2026-09-21T08:09:59.5549543Z + ajv-formats 3.0.1
test	Run pnpm install --frozen-lockfile	2026-09-21T08:09:59.5549911Z + jsdom 30.0.1
test	Run pnpm install --frozen-lockfile	2026-09-21T08:09:59.5550323Z + playwright 1.62.1
test	Run pnpm install --frozen-lockfile	2026-09-21T08:09:59.5550869Z + typescript 5.9.3
test	Run pnpm install --frozen-lockfile	2026-09-21T08:09:59.5551293Z + vitest 3.2.7
test	Run pnpm install --frozen-lockfile	2026-09-21T08:09:59.5551519Z 
test	Run pnpm install --frozen-lockfile	2026-09-21T08:09:59.5838353Z Done in 1.8s using pnpm v10.34.5
test	Run pnpm exec playwright install --with-deps chromium	﻿2026-09-21T08:09:59.5992329Z ##[group]Run pnpm exec playwright install --with-deps chromium
test	Run pnpm exec playwright install --with-deps chromium	2026-09-21T08:09:59.5993390Z ^[[36;1mpnpm exec playwright install --with-deps chromium^[[0m
test	Run pnpm exec playwright install --with-deps chromium	2026-09-21T08:09:59.6029547Z shell: /usr/bin/bash -e {0}
test	Run pnpm exec playwright install --with-deps chromium	2026-09-21T08:09:59.6029808Z env:
test	Run pnpm exec playwright install --with-deps chromium	2026-09-21T08:09:59.6030062Z   PNPM_HOME: /home/runner/setup-pnpm/node_modules/.bin
test	Run pnpm exec playwright install --with-deps chromium	2026-09-21T08:09:59.6030388Z ##[endgroup]
test	Run pnpm exec playwright install --with-deps chromium	2026-09-21T08:10:00.4921871Z Installing dependencies...
test	Run pnpm exec playwright install --with-deps chromium	2026-09-21T08:10:00.5032545Z Switching to root user to install dependencies...
test	Run pnpm exec playwright install --with-deps chromium	2026-09-21T08:10:01.2535799Z Get:1 file:/etc/apt/apt-mirrors.txt Mirrorlist [144 B]
test	Run pnpm exec playwright install --with-deps chromium	2026-09-21T08:10:01.2715402Z Get:3 https://packages.microsoft.com/ubuntu/24.04/prod noble InRelease [3600 B]
test	Run pnpm exec playwright install --with-deps chromium	2026-09-21T08:10:01.3721351Z Hit:2 http://azure.archive.ubuntu.com/ubuntu noble InRelease
test	Run pnpm exec playwright install --with-deps chromium	2026-09-21T08:10:01.3739736Z Get:7 https://dl.google.com/linux/chrome-stable/deb stable InRelease [2548 B]
test	Run pnpm exec playwright install --with-deps chromium	2026-09-21T08:10:01.3745429Z Get:4 http://azure.archive.ubuntu.com/ubuntu noble-updates InRelease [126 kB]
test	Run pnpm exec playwright install --with-deps chromium	2026-09-21T08:10:01.3834132Z Get:5 http://azure.archive.ubuntu.com/ubuntu noble-backports InRelease [126 kB]
test	Run pnpm exec playwright install --with-deps chromium	2026-09-21T08:10:01.3839066Z Get:6 http://azure.archive.ubuntu.com/ubuntu noble-security InRelease [126 kB]
test	Run pnpm exec playwright install --with-deps chromium	2026-09-21T08:10:01.4700183Z Get:8 https://packages.microsoft.com/ubuntu/24.04/prod noble/main arm64 Packages [429 kB]
test	Run pnpm exec playwright install --with-deps chromium	2026-09-21T08:10:01.4844232Z Get:9 https://packages.microsoft.com/ubuntu/24.04/prod noble/main amd64 Packages [478 kB]
test	Run pnpm exec playwright install --with-deps chromium	2026-09-21T08:10:01.6189288Z Get:10 http://azure.archive.ubuntu.com/ubuntu noble-updates/main amd64 Packages [1275 kB]
test	Run pnpm exec playwright install --with-deps chromium	2026-09-21T08:10:01.6269516Z Get:11 http://azure.archive.ubuntu.com/ubuntu noble-updates/main Translation-en [294 kB]
test	Run pnpm exec playwright install --with-deps chromium	2026-09-21T08:10:01.6297312Z Get:12 http://azure.archive.ubuntu.com/ubuntu noble-updates/main amd64 Components [181 kB]
test	Run pnpm exec playwright install --with-deps chromium	2026-09-21T08:10:01.6313828Z Get:13 http://azure.archive.ubuntu.com/ubuntu noble-updates/universe amd64 Packages [1689 kB]
test	Run pnpm exec playwright install --with-deps chromium	2026-09-21T08:10:01.6386367Z Get:21 https://dl.google.com/linux/chrome-stable/deb stable/main amd64 Packages [1408 B]
test	Run pnpm exec playwright install --with-deps chromium	2026-09-21T08:10:01.6412923Z Get:14 http://azure.archive.ubuntu.com/ubuntu noble-updates/universe Translation-en [338 kB]
test	Run pnpm exec playwright install --with-deps chromium	2026-09-21T08:10:01.6439117Z Get:15 http://azure.archive.ubuntu.com/ubuntu noble-updates/universe amd64 Components [387 kB]
test	Run pnpm exec playwright install --with-deps chromium	2026-09-21T08:10:01.6484075Z Get:16 http://azure.archive.ubuntu.com/ubuntu noble-updates/restricted amd64 Packages [1580 kB]
test	Run pnpm exec playwright install --with-deps chromium	2026-09-21T08:10:01.6659913Z Get:17 http://azure.archive.ubuntu.com/ubuntu noble-updates/restricted Translation-en [359 kB]
test	Run pnpm exec playwright install --with-deps chromium	2026-09-21T08:10:01.6689847Z Get:18 http://azure.archive.ubuntu.com/ubuntu noble-updates/multiverse amd64 Packages [45.7 kB]
test	Run pnpm exec playwright install --with-deps chromium	2026-09-21T08:10:01.6702422Z Get:19 http://azure.archive.ubuntu.com/ubuntu noble-updates/multiverse Translation-en [13.1 kB]
test	Run pnpm exec playwright install --with-deps chromium	2026-09-21T08:10:01.7134765Z Get:20 http://azure.archive.ubuntu.com/ubuntu noble-updates/multiverse amd64 Components [940 B]
test	Run pnpm exec playwright install --with-deps chromium	2026-09-21T08:10:01.7154184Z Get:22 http://azure.archive.ubuntu.com/ubuntu noble-backports/main amd64 Packages [40.6 kB]
test	Run pnpm exec playwright install --with-deps chromium	2026-09-21T08:10:01.7162122Z Get:23 http://azure.archive.ubuntu.com/ubuntu noble-backports/main amd64 Components [5744 B]
test	Run pnpm exec playwright install --with-deps chromium	2026-09-21T08:10:01.7172212Z Get:24 http://azure.archive.ubuntu.com/ubuntu noble-backports/universe amd64 Packages [31.0 kB]
test	Run pnpm exec playwright install --with-deps chromium	2026-09-21T08:10:01.7182324Z Get:25 http://azure.archive.ubuntu.com/ubuntu noble-backports/universe Translation-en [18.6 kB]
test	Run pnpm exec playwright install --with-deps chromium	2026-09-21T08:10:01.7190950Z Get:26 http://azure.archive.ubuntu.com/ubuntu noble-backports/universe amd64 Components [12.6 kB]
test	Run pnpm exec playwright install --with-deps chromium	2026-09-21T08:10:01.7390910Z Get:27 http://azure.archive.ubuntu.com/ubuntu noble-security/main amd64 Packages [1009 kB]
test	Run pnpm exec playwright install --with-deps chromium	2026-09-21T08:10:01.7452302Z Get:28 http://azure.archive.ubuntu.com/ubuntu noble-security/main Translation-en [214 kB]
test	Run pnpm exec playwright install --with-deps chromium	2026-09-21T08:10:01.7471432Z Get:29 http://azure.archive.ubuntu.com/ubuntu noble-security/main amd64 Components [46.4 kB]
test	Run pnpm exec playwright install --with-deps chromium	2026-09-21T08:10:01.7481972Z Get:30 http://azure.archive.ubuntu.com/ubuntu noble-security/universe amd64 Packages [1208 kB]
test	Run pnpm exec playwright install --with-deps chromium	2026-09-21T08:10:01.7544333Z Get:31 http://azure.archive.ubuntu.com/ubuntu noble-security/universe Translation-en [243 kB]
test	Run pnpm exec playwright install --with-deps chromium	2026-09-21T08:10:01.7562558Z Get:32 http://azure.archive.ubuntu.com/ubuntu noble-security/universe amd64 Components [76.3 kB]
test	Run pnpm exec playwright install --with-deps chromium	2026-09-21T08:10:01.7591835Z Get:33 http://azure.archive.ubuntu.com/ubuntu noble-security/restricted amd64 Packages [1449 kB]
test	Run pnpm exec playwright install --with-deps chromium	2026-09-21T08:10:01.7716628Z Get:34 http://azure.archive.ubuntu.com/ubuntu noble-security/restricted Translation-en [336 kB]
test	Run pnpm exec playwright install --with-deps chromium	2026-09-21T08:10:01.8173083Z Get:35 http://azure.archive.ubuntu.com/ubuntu noble-security/multiverse Translation-en [11.3 kB]
test	Run pnpm exec playwright install --with-deps chromium	2026-09-21T08:10:06.0613803Z Fetched 12.2 MB in 2s (7991 kB/s)
test	Run pnpm exec playwright install --with-deps chromium	2026-09-21T08:10:06.8634739Z Reading package lists...
test	Run pnpm exec playwright install --with-deps chromium	2026-09-21T08:10:06.8918606Z Reading package lists...
test	Run pnpm exec playwright install --with-deps chromium	2026-09-21T08:10:07.0818951Z Building dependency tree...
test	Run pnpm exec playwright install --with-deps chromium	2026-09-21T08:10:07.0826649Z Reading state information...
test	Run pnpm exec playwright install --with-deps chromium	2026-09-21T08:10:07.2267683Z libasound2t64 is already the newest version (1.2.11-1ubuntu0.3).
test	Run pnpm exec playwright install --with-deps chromium	2026-09-21T08:10:07.2268549Z libasound2t64 set to manually installed.
test	Run pnpm exec playwright install --with-deps chromium	2026-09-21T08:10:07.2269108Z libatk-bridge2.0-0t64 is already the newest version (2.52.0-1build1).
test	Run pnpm exec playwright install --with-deps chromium	2026-09-21T08:10:07.2269593Z libatk-bridge2.0-0t64 set to manually installed.
test	Run pnpm exec playwright install --with-deps chromium	2026-09-21T08:10:07.2270051Z libatk1.0-0t64 is already the newest version (2.52.0-1build1).
test	Run pnpm exec playwright install --with-deps chromium	2026-09-21T08:10:07.2270464Z libatk1.0-0t64 set to manually installed.
test	Run pnpm exec playwright install --with-deps chromium	2026-09-21T08:10:07.2270890Z libatspi2.0-0t64 is already the newest version (2.52.0-1build1).
test	Run pnpm exec playwright install --with-deps chromium	2026-09-21T08:10:07.2271316Z libatspi2.0-0t64 set to manually installed.
test	Run pnpm exec playwright install --with-deps chromium	2026-09-21T08:10:07.2271950Z libcairo2 is already the newest version (1.18.0-3build1).
test	Run pnpm exec playwright install --with-deps chromium	2026-09-21T08:10:07.2272596Z libcairo2 set to manually installed.
test	Run pnpm exec playwright install --with-deps chromium	2026-09-21T08:10:07.2273670Z libcups2t64 is already the newest version (2.4.7-1.2ubuntu7.14).
test	Run pnpm exec playwright install --with-deps chromium	2026-09-21T08:10:07.2274444Z libcups2t64 set to manually installed.
test	Run pnpm exec playwright install --with-deps chromium	2026-09-21T08:10:07.2275198Z libdbus-1-3 is already the newest version (1.14.10-4ubuntu4.1).
test	Run pnpm exec playwright install --with-deps chromium	2026-09-21T08:10:07.2275910Z libdbus-1-3 set to manually installed.
test	Run pnpm exec playwright install --with-deps chromium	2026-09-21T08:10:07.2276700Z libdrm2 is already the newest version (2.4.125-1ubuntu0.1~24.04.2).
test	Run pnpm exec playwright install --with-deps chromium	2026-09-21T08:10:07.2277425Z libdrm2 set to manually installed.
test	Run pnpm exec playwright install --with-deps chromium	2026-09-21T08:10:07.2278156Z libgbm1 is already the newest version (25.2.8-0ubuntu0.24.04.2).
test	Run pnpm exec playwright install --with-deps chromium	2026-09-21T08:10:07.2278864Z libgbm1 set to manually installed.
test	Run pnpm exec playwright install --with-deps chromium	2026-09-21T08:10:07.2279609Z libglib2.0-0t64 is already the newest version (2.80.0-6ubuntu3.8).
test	Run pnpm exec playwright install --with-deps chromium	2026-09-21T08:10:07.2280362Z libglib2.0-0t64 set to manually installed.
test	Run pnpm exec playwright install --with-deps chromium	2026-09-21T08:10:07.2281059Z libnspr4 is already the newest version (2:4.35-1.1build1).
test	Run pnpm exec playwright install --with-deps chromium	2026-09-21T08:10:07.2281751Z libnspr4 set to manually installed.
test	Run pnpm exec playwright install --with-deps chromium	2026-09-21T08:10:07.2282431Z libnss3 is already the newest version (2:3.98-1ubuntu0.2).
test	Run pnpm exec playwright install --with-deps chromium	2026-09-21T08:10:07.2283296Z libnss3 set to manually installed.
test	Run pnpm exec playwright install --with-deps chromium	2026-09-21T08:10:07.2284059Z libpango-1.0-0 is already the newest version (1.52.1+ds-1build1).
test	Run pnpm exec playwright install --with-deps chromium	2026-09-21T08:10:07.2284800Z libpango-1.0-0 set to manually installed.
test	Run pnpm exec playwright install --with-deps chromium	2026-09-21T08:10:07.2285505Z libx11-6 is already the newest version (2:1.8.7-1build1).
test	Run pnpm exec playwright install --with-deps chromium	2026-09-21T08:10:07.2286179Z libx11-6 set to manually installed.
test	Run pnpm exec playwright install --with-deps chromium	2026-09-21T08:10:07.2286837Z libxcb1 is already the newest version (1.15-1ubuntu2).
test	Run pnpm exec playwright install --with-deps chromium	2026-09-21T08:10:07.2287453Z libxcb1 set to manually installed.
test	Run pnpm exec playwright install --with-deps chromium	2026-09-21T08:10:07.2288185Z libxcomposite1 is already the newest version (1:0.4.5-1build3).
test	Run pnpm exec playwright install --with-deps chromium	2026-09-21T08:10:07.2288917Z libxcomposite1 set to manually installed.
test	Run pnpm exec playwright install --with-deps chromium	2026-09-21T08:10:07.2289656Z libxdamage1 is already the newest version (1:1.1.6-1build1).
test	Run pnpm exec playwright install --with-deps chromium	2026-09-21T08:10:07.2290377Z libxdamage1 set to manually installed.
test	Run pnpm exec playwright install --with-deps chromium	2026-09-21T08:10:07.2291107Z libxext6 is already the newest version (2:1.3.4-1build2).
test	Run pnpm exec playwright install --with-deps chromium	2026-09-21T08:10:07.2291768Z libxext6 set to manually installed.
test	Run pnpm exec playwright install --with-deps chromium	2026-09-21T08:10:07.2292475Z libxfixes3 is already the newest version (1:6.0.0-2build1).
test	Run pnpm exec playwright install --with-deps chromium	2026-09-21T08:10:07.2293386Z libxfixes3 set to manually installed.
test	Run pnpm exec playwright install --with-deps chromium	2026-09-21T08:10:07.2294119Z libxkbcommon0 is already the newest version (1.6.0-1build1).
test	Run pnpm exec playwright install --with-deps chromium	2026-09-21T08:10:07.2294830Z libxkbcommon0 set to manually installed.
test	Run pnpm exec playwright install --with-deps chromium	2026-09-21T08:10:07.2295933Z libxrandr2 is already the newest version (2:1.5.2-2build1).
test	Run pnpm exec playwright install --with-deps chromium	2026-09-21T08:10:07.2296847Z libxrandr2 set to manually installed.
test	Run pnpm exec playwright install --with-deps chromium	2026-09-21T08:10:07.2297554Z xvfb is already the newest version (2:21.1.12-1ubuntu1.6).
test	Run pnpm exec playwright install --with-deps chromium	2026-09-21T08:10:07.2298524Z fonts-noto-color-emoji is already the newest version (2.047-0ubuntu0.24.04.1).
test	Run pnpm exec playwright install --with-deps chromium	2026-09-21T08:10:07.2299525Z libfontconfig1 is already the newest version (2.15.0-1.1ubuntu2).
test	Run pnpm exec playwright install --with-deps chromium	2026-09-21T08:10:07.2300282Z libfontconfig1 set to manually installed.
test	Run pnpm exec playwright install --with-deps chromium	2026-09-21T08:10:07.2301094Z libfreetype6 is already the newest version (2.13.2+dfsg-1ubuntu0.1).
test	Run pnpm exec playwright install --with-deps chromium	2026-09-21T08:10:07.2301843Z libfreetype6 set to manually installed.
test	Run pnpm exec playwright install --with-deps chromium	2026-09-21T08:10:07.2302577Z fonts-liberation is already the newest version (1:2.1.5-3).
test	Run pnpm exec playwright install --with-deps chromium	2026-09-21T08:10:07.2303548Z fonts-liberation set to manually installed.
test	Run pnpm exec playwright install --with-deps chromium	2026-09-21T08:10:07.2304259Z The following additional packages will be installed:
test	Run pnpm exec playwright install --with-deps chromium	2026-09-21T08:10:07.2304891Z   xfonts-encodings xfonts-utils
test	Run pnpm exec playwright install --with-deps chromium	2026-09-21T08:10:07.2305452Z Recommended packages:
test	Run pnpm exec playwright install --with-deps chromium	2026-09-21T08:10:07.2305953Z   fonts-ipafont-mincho fonts-tlwg-loma
test	Run pnpm exec playwright install --with-deps chromium	2026-09-21T08:10:07.2664983Z The following NEW packages will be installed:
test	Run pnpm exec playwright install --with-deps chromium	2026-09-21T08:10:07.2666182Z   fonts-freefont-ttf fonts-ipafont-gothic fonts-tlwg-loma-otf fonts-unifont
test	Run pnpm exec playwright install --with-deps chromium	2026-09-21T08:10:07.2673805Z   fonts-wqy-zenhei xfonts-cyrillic xfonts-encodings xfonts-scalable
test	Run pnpm exec playwright install --with-deps chromium	2026-09-21T08:10:07.2674227Z   xfonts-utils
test	Run pnpm exec playwright install --with-deps chromium	2026-09-21T08:10:07.2858794Z 0 upgraded, 9 newly installed, 0 to remove and 73 not upgraded.
test	Run pnpm exec playwright install --with-deps chromium	2026-09-21T08:10:07.2859664Z Need to get 21.1 MB of archives.
test	Run pnpm exec playwright install --with-deps chromium	2026-09-21T08:10:07.2860448Z After this operation, 79.5 MB of additional disk space will be used.
test	Run pnpm exec playwright install --with-deps chromium	2026-09-21T08:10:07.2861280Z Get:1 file:/etc/apt/apt-mirrors.txt Mirrorlist [144 B]
test	Run pnpm exec playwright install --with-deps chromium	2026-09-21T08:10:07.3117937Z Get:2 http://azure.archive.ubuntu.com/ubuntu noble/universe amd64 fonts-ipafont-gothic all 00303-21ubuntu1 [3513 kB]
test	Run pnpm exec playwright install --with-deps chromium	2026-09-21T08:10:07.3421063Z Get:3 http://azure.archive.ubuntu.com/ubuntu noble/main amd64 fonts-freefont-ttf all 20211204+svn4273-2 [5641 kB]
test	Run pnpm exec playwright install --with-deps chromium	2026-09-21T08:10:07.3899285Z Get:4 http://azure.archive.ubuntu.com/ubuntu noble/universe amd64 fonts-tlwg-loma-otf all 1:0.7.3-1 [107 kB]
test	Run pnpm exec playwright install --with-deps chromium	2026-09-21T08:10:07.3971132Z Get:5 http://azure.archive.ubuntu.com/ubuntu noble/universe amd64 fonts-unifont all 1:15.1.01-1build1 [2993 kB]
test	Run pnpm exec playwright install --with-deps chromium	2026-09-21T08:10:07.4246694Z Get:6 http://azure.archive.ubuntu.com/ubuntu noble/universe amd64 fonts-wqy-zenhei all 0.9.45-8 [7472 kB]
test	Run pnpm exec playwright install --with-deps chromium	2026-09-21T08:10:07.4812037Z Get:7 http://azure.archive.ubuntu.com/ubuntu noble/main amd64 xfonts-encodings all 1:1.0.5-0ubuntu2 [578 kB]
test	Run pnpm exec playwright install --with-deps chromium	2026-09-21T08:10:07.4915290Z Get:8 http://azure.archive.ubuntu.com/ubuntu noble/main amd64 xfonts-utils amd64 1:7.7+6build3 [94.4 kB]
test	Run pnpm exec playwright install --with-deps chromium	2026-09-21T08:10:07.4984373Z Get:9 http://azure.archive.ubuntu.com/ubuntu noble/universe amd64 xfonts-cyrillic all 1:1.0.5+nmu1 [384 kB]
test	Run pnpm exec playwright install --with-deps chromium	2026-09-21T08:10:07.5073710Z Get:10 http://azure.archive.ubuntu.com/ubuntu noble/main amd64 xfonts-scalable all 1:1.0.3-1.3 [304 kB]
test	Run pnpm exec playwright install --with-deps chromium	2026-09-21T08:10:07.7627633Z Fetched 21.1 MB in 0s (89.9 MB/s)
test	Run pnpm exec playwright install --with-deps chromium	2026-09-21T08:10:07.7891589Z Selecting previously unselected package fonts-ipafont-gothic.
test	Run pnpm exec playwright install --with-deps chromium	2026-09-21T08:10:07.8229483Z (Reading database ... 
test	Run pnpm exec playwright install --with-deps chromium	2026-09-21T08:10:07.8230086Z (Reading database ... 5%
test	Run pnpm exec playwright install --with-deps chromium	2026-09-21T08:10:07.8230393Z (Reading database ... 10%
test	Run pnpm exec playwright install --with-deps chromium	2026-09-21T08:10:07.8230763Z (Reading database ... 15%
test	Run pnpm exec playwright install --with-deps chromium	2026-09-21T08:10:07.8231029Z (Reading database ... 20%
test	Run pnpm exec playwright install --with-deps chromium	2026-09-21T08:10:07.8231309Z (Reading database ... 25%
test	Run pnpm exec playwright install --with-deps chromium	2026-09-21T08:10:07.8231936Z (Reading database ... 30%
test	Run pnpm exec playwright install --with-deps chromium	2026-09-21T08:10:07.8233460Z (Reading database ... 35%
test	Run pnpm exec playwright install --with-deps chromium	2026-09-21T08:10:07.8234182Z (Reading database ... 40%
test	Run pnpm exec playwright install --with-deps chromium	2026-09-21T08:10:07.8234843Z (Reading database ... 45%
test	Run pnpm exec playwright install --with-deps chromium	2026-09-21T08:10:07.8235524Z (Reading database ... 50%
test	Run pnpm exec playwright install --with-deps chromium	2026-09-21T08:10:07.8284555Z (Reading database ... 55%
test	Run pnpm exec playwright install --with-deps chromium	2026-09-21T08:10:07.9709467Z (Reading database ... 60%
test	Run pnpm exec playwright install --with-deps chromium	2026-09-21T08:10:08.1124806Z (Reading database ... 65%
test	Run pnpm exec playwright install --with-deps chromium	2026-09-21T08:10:08.3178734Z (Reading database ... 70%
test	Run pnpm exec playwright install --with-deps chromium	2026-09-21T08:10:08.4687038Z (Reading database ... 75%
test	Run pnpm exec playwright install --with-deps chromium	2026-09-21T08:10:08.6322878Z (Reading database ... 80%
test	Run pnpm exec playwright install --with-deps chromium	2026-09-21T08:10:08.8147651Z (Reading database ... 85%
test	Run pnpm exec playwright install --with-deps chromium	2026-09-21T08:10:08.9782058Z (Reading database ... 90%
test	Run pnpm exec playwright install --with-deps chromium	2026-09-21T08:10:09.0906939Z (Reading database ... 95%
test	Run pnpm exec playwright install --with-deps chromium	2026-09-21T08:10:09.0907545Z (Reading database ... 100%
test	Run pnpm exec playwright install --with-deps chromium	2026-09-21T08:10:09.0908401Z (Reading database ... 201818 files and directories currently installed.)
test	Run pnpm exec playwright install --with-deps chromium	2026-09-21T08:10:09.0949398Z Preparing to unpack .../0-fonts-ipafont-gothic_00303-21ubuntu1_all.deb ...
test	Run pnpm exec playwright install --with-deps chromium	2026-09-21T08:10:09.1042527Z Unpacking fonts-ipafont-gothic (00303-21ubuntu1) ...
test	Run pnpm exec playwright install --with-deps chromium	2026-09-21T08:10:09.3308589Z Selecting previously unselected package fonts-freefont-ttf.
test	Run pnpm exec playwright install --with-deps chromium	2026-09-21T08:10:09.3433095Z Preparing to unpack .../1-fonts-freefont-ttf_20211204+svn4273-2_all.deb ...
test	Run pnpm exec playwright install --with-deps chromium	2026-09-21T08:10:09.3441943Z Unpacking fonts-freefont-ttf (20211204+svn4273-2) ...
test	Run pnpm exec playwright install --with-deps chromium	2026-09-21T08:10:09.4261075Z Selecting previously unselected package fonts-tlwg-loma-otf.
test	Run pnpm exec playwright install --with-deps chromium	2026-09-21T08:10:09.4386491Z Preparing to unpack .../2-fonts-tlwg-loma-otf_1%3a0.7.3-1_all.deb ...
test	Run pnpm exec playwright install --with-deps chromium	2026-09-21T08:10:09.4393722Z Unpacking fonts-tlwg-loma-otf (1:0.7.3-1) ...
test	Run pnpm exec playwright install --with-deps chromium	2026-09-21T08:10:09.4594620Z Selecting previously unselected package fonts-unifont.
test	Run pnpm exec playwright install --with-deps chromium	2026-09-21T08:10:09.4719434Z Preparing to unpack .../3-fonts-unifont_1%3a15.1.01-1build1_all.deb ...
test	Run pnpm exec playwright install --with-deps chromium	2026-09-21T08:10:09.4727902Z Unpacking fonts-unifont (1:15.1.01-1build1) ...
test	Run pnpm exec playwright install --with-deps chromium	2026-09-21T08:10:09.5764567Z Selecting previously unselected package fonts-wqy-zenhei.
test	Run pnpm exec playwright install --with-deps chromium	2026-09-21T08:10:09.5890301Z Preparing to unpack .../4-fonts-wqy-zenhei_0.9.45-8_all.deb ...
test	Run pnpm exec playwright install --with-deps chromium	2026-09-21T08:10:09.5992457Z Unpacking fonts-wqy-zenhei (0.9.45-8) ...
test	Run pnpm exec playwright install --with-deps chromium	2026-09-21T08:10:10.0626341Z Selecting previously unselected package xfonts-encodings.
test	Run pnpm exec playwright install --with-deps chromium	2026-09-21T08:10:10.0754724Z Preparing to unpack .../5-xfonts-encodings_1%3a1.0.5-0ubuntu2_all.deb ...
test	Run pnpm exec playwright install --with-deps chromium	2026-09-21T08:10:10.0762493Z Unpacking xfonts-encodings (1:1.0.5-0ubuntu2) ...
test	Run pnpm exec playwright install --with-deps chromium	2026-09-21T08:10:10.1061344Z Selecting previously unselected package xfonts-utils.
test	Run pnpm exec playwright install --with-deps chromium	2026-09-21T08:10:10.1225968Z Preparing to unpack .../6-xfonts-utils_1%3a7.7+6build3_amd64.deb ...
test	Run pnpm exec playwright install --with-deps chromium	2026-09-21T08:10:10.1234255Z Unpacking xfonts-utils (1:7.7+6build3) ...
test	Run pnpm exec playwright install --with-deps chromium	2026-09-21T08:10:10.1665166Z Selecting previously unselected package xfonts-cyrillic.
test	Run pnpm exec playwright install --with-deps chromium	2026-09-21T08:10:10.1791444Z Preparing to unpack .../7-xfonts-cyrillic_1%3a1.0.5+nmu1_all.deb ...
test	Run pnpm exec playwright install --with-deps chromium	2026-09-21T08:10:10.1799442Z Unpacking xfonts-cyrillic (1:1.0.5+nmu1) ...
test	Run pnpm exec playwright install --with-deps chromium	2026-09-21T08:10:10.2157808Z Selecting previously unselected package xfonts-scalable.
test	Run pnpm exec playwright install --with-deps chromium	2026-09-21T08:10:10.2284693Z Preparing to unpack .../8-xfonts-scalable_1%3a1.0.3-1.3_all.deb ...
test	Run pnpm exec playwright install --with-deps chromium	2026-09-21T08:10:10.2293491Z Unpacking xfonts-scalable (1:1.0.3-1.3) ...
test	Run pnpm exec playwright install --with-deps chromium	2026-09-21T08:10:10.2707257Z Setting up fonts-wqy-zenhei (0.9.45-8) ...
test	Run pnpm exec playwright install --with-deps chromium	2026-09-21T08:10:10.2825207Z Setting up fonts-freefont-ttf (20211204+svn4273-2) ...
test	Run pnpm exec playwright install --with-deps chromium	2026-09-21T08:10:10.2846537Z Setting up fonts-tlwg-loma-otf (1:0.7.3-1) ...
test	Run pnpm exec playwright install --with-deps chromium	2026-09-21T08:10:10.2866861Z Setting up xfonts-encodings (1:1.0.5-0ubuntu2) ...
test	Run pnpm exec playwright install --with-deps chromium	2026-09-21T08:10:10.2888134Z Setting up fonts-ipafont-gothic (00303-21ubuntu1) ...
test	Run pnpm exec playwright install --with-deps chromium	2026-09-21T08:10:10.2956336Z update-alternatives: using /usr/share/fonts/opentype/ipafont-gothic/ipag.ttf to provide /usr/share/fonts/truetype/fonts-japanese-gothic.ttf (fonts-japanese-gothic.ttf) in auto mode
test	Run pnpm exec playwright install --with-deps chromium	2026-09-21T08:10:10.2972193Z Setting up fonts-unifont (1:15.1.01-1build1) ...
test	Run pnpm exec playwright install --with-deps chromium	2026-09-21T08:10:10.2991005Z Setting up xfonts-utils (1:7.7+6build3) ...
test	Run pnpm exec playwright install --with-deps chromium	2026-09-21T08:10:10.3029970Z Setting up xfonts-cyrillic (1:1.0.5+nmu1) ...
test	Run pnpm exec playwright install --with-deps chromium	2026-09-21T08:10:10.3319454Z Setting up xfonts-scalable (1:1.0.3-1.3) ...
test	Run pnpm exec playwright install --with-deps chromium	2026-09-21T08:10:10.3591697Z Processing triggers for man-db (2.12.0-4build2) ...
test	Run pnpm exec playwright install --with-deps chromium	2026-09-21T08:10:10.3611603Z Not building database; man-db/auto-update is not 'true'.
test	Run pnpm exec playwright install --with-deps chromium	2026-09-21T08:10:10.3626307Z Processing triggers for fontconfig (2.15.0-1.1ubuntu2) ...
test	Run pnpm exec playwright install --with-deps chromium	2026-09-21T08:10:11.0794677Z 
test	Run pnpm exec playwright install --with-deps chromium	2026-09-21T08:10:11.0797405Z Running kernel seems to be up-to-date.
test	Run pnpm exec playwright install --with-deps chromium	2026-09-21T08:10:11.0797914Z 
test	Run pnpm exec playwright install --with-deps chromium	2026-09-21T08:10:11.0798258Z No services need to be restarted.
test	Run pnpm exec playwright install --with-deps chromium	2026-09-21T08:10:11.0798582Z 
test	Run pnpm exec playwright install --with-deps chromium	2026-09-21T08:10:11.0798806Z No containers need to be restarted.
test	Run pnpm exec playwright install --with-deps chromium	2026-09-21T08:10:11.0799081Z 
test	Run pnpm exec playwright install --with-deps chromium	2026-09-21T08:10:11.0799644Z No user sessions are running outdated binaries.
test	Run pnpm exec playwright install --with-deps chromium	2026-09-21T08:10:11.0800106Z 
test	Run pnpm exec playwright install --with-deps chromium	2026-09-21T08:10:11.0800529Z No VM guests are running outdated hypervisor (qemu) binaries on this host.
test	Run pnpm exec playwright install --with-deps chromium	2026-09-21T08:10:11.9836280Z Downloading Chrome for Testing 151.0.7922.34 (playwright chromium v1234) from https://cdn.playwright.dev/builds/cft/151.0.7922.34/linux64/chrome-linux64.zip
test	Run pnpm exec playwright install --with-deps chromium	2026-09-21T08:10:12.9947479Z |                                                                                |   0% of 184.3 MiB
test	Run pnpm exec playwright install --with-deps chromium	2026-09-21T08:10:13.1691721Z |■■■■■■■■                                                                        |  10% of 184.3 MiB
test	Run pnpm exec playwright install --with-deps chromium	2026-09-21T08:10:13.2655800Z |■■■■■■■■■■■■■■■■                                                                |  20% of 184.3 MiB
test	Run pnpm exec playwright install --with-deps chromium	2026-09-21T08:10:13.3460250Z |■■■■■■■■■■■■■■■■■■■■■■■■                                                        |  30% of 184.3 MiB
test	Run pnpm exec playwright install --with-deps chromium	2026-09-21T08:10:13.4289803Z |■■■■■■■■■■■■■■■■■■■■■■■■■■■■■■■■                                                |  40% of 184.3 MiB
test	Run pnpm exec playwright install --with-deps chromium	2026-09-21T08:10:13.5140730Z |■■■■■■■■■■■■■■■■■■■■■■■■■■■■■■■■■■■■■■■■                                        |  50% of 184.3 MiB
test	Run pnpm exec playwright install --with-deps chromium	2026-09-21T08:10:13.5997993Z |■■■■■■■■■■■■■■■■■■■■■■■■■■■■■■■■■■■■■■■■■■■■■■■■                                |  60% of 184.3 MiB
test	Run pnpm exec playwright install --with-deps chromium	2026-09-21T08:10:13.6477004Z |■■■■■■■■■■■■■■■■■■■■■■■■■■■■■■■■■■■■■■■■■■■■■■■■■■■■■■■■                        |  70% of 184.3 MiB
test	Run pnpm exec playwright install --with-deps chromium	2026-09-21T08:10:13.7059195Z |■■■■■■■■■■■■■■■■■■■■■■■■■■■■■■■■■■■■■■■■■■■■■■■■■■■■■■■■■■■■■■■■                |  80% of 184.3 MiB
test	Run pnpm exec playwright install --with-deps chromium	2026-09-21T08:10:13.7614421Z |■■■■■■■■■■■■■■■■■■■■■■■■■■■■■■■■■■■■■■■■■■■■■■■■■■■■■■■■■■■■■■■■■■■■■■■■        |  90% of 184.3 MiB
test	Run pnpm exec playwright install --with-deps chromium	2026-09-21T08:10:13.8151920Z |■■■■■■■■■■■■■■■■■■■■■■■■■■■■■■■■■■■■■■■■■■■■■■■■■■■■■■■■■■■■■■■■■■■■■■■■■■■■■■■■| 100% of 184.3 MiB
test	Run pnpm exec playwright install --with-deps chromium	2026-09-21T08:10:16.7022360Z Chrome for Testing 151.0.7922.34 (playwright chromium v1234) downloaded to /home/runner/.cache/ms-playwright/chromium-1234
test	Run pnpm exec playwright install --with-deps chromium	2026-09-21T08:10:16.7026727Z Downloading FFmpeg (playwright ffmpeg v1011) from https://cdn.playwright.dev/dbazure/download/playwright/builds/ffmpeg/1011/ffmpeg-linux.zip
test	Run pnpm exec playwright install --with-deps chromium	2026-09-21T08:10:17.6825345Z |                                                                                |   0% of 2.3 MiB
test	Run pnpm exec playwright install --with-deps chromium	2026-09-21T08:10:17.6882479Z |■■■■■■■■                                                                        |  10% of 2.3 MiB
test	Run pnpm exec playwright install --with-deps chromium	2026-09-21T08:10:17.6918728Z |■■■■■■■■■■■■■■■■                                                                |  20% of 2.3 MiB
test	Run pnpm exec playwright install --with-deps chromium	2026-09-21T08:10:17.6953610Z |■■■■■■■■■■■■■■■■■■■■■■■■                                                        |  30% of 2.3 MiB
test	Run pnpm exec playwright install --with-deps chromium	2026-09-21T08:10:17.6970155Z |■■■■■■■■■■■■■■■■■■■■■■■■■■■■■■■■                                                |  40% of 2.3 MiB
test	Run pnpm exec playwright install --with-deps chromium	2026-09-21T08:10:17.6989354Z |■■■■■■■■■■■■■■■■■■■■■■■■■■■■■■■■■■■■■■■■                                        |  50% of 2.3 MiB
test	Run pnpm exec playwright install --with-deps chromium	2026-09-21T08:10:17.7006731Z |■■■■■■■■■■■■■■■■■■■■■■■■■■■■■■■■■■■■■■■■■■■■■■■■                                |  60% of 2.3 MiB
test	Run pnpm exec playwright install --with-deps chromium	2026-09-21T08:10:17.7026700Z |■■■■■■■■■■■■■■■■■■■■■■■■■■■■■■■■■■■■■■■■■■■■■■■■■■■■■■■■                        |  70% of 2.3 MiB
test	Run pnpm exec playwright install --with-deps chromium	2026-09-21T08:10:17.7046332Z |■■■■■■■■■■■■■■■■■■■■■■■■■■■■■■■■■■■■■■■■■■■■■■■■■■■■■■■■■■■■■■■■                |  80% of 2.3 MiB
test	Run pnpm exec playwright install --with-deps chromium	2026-09-21T08:10:17.7057889Z |■■■■■■■■■■■■■■■■■■■■■■■■■■■■■■■■■■■■■■■■■■■■■■■■■■■■■■■■■■■■■■■■■■■■■■■■        |  90% of 2.3 MiB
test	Run pnpm exec playwright install --with-deps chromium	2026-09-21T08:10:17.7073339Z |■■■■■■■■■■■■■■■■■■■■■■■■■■■■■■■■■■■■■■■■■■■■■■■■■■■■■■■■■■■■■■■■■■■■■■■■■■■■■■■■| 100% of 2.3 MiB
test	Run pnpm exec playwright install --with-deps chromium	2026-09-21T08:10:17.7680210Z FFmpeg (playwright ffmpeg v1011) downloaded to /home/runner/.cache/ms-playwright/ffmpeg-1011
test	Run pnpm exec playwright install --with-deps chromium	2026-09-21T08:10:17.7683369Z Downloading Chrome Headless Shell 151.0.7922.34 (playwright chromium-headless-shell v1234) from https://cdn.playwright.dev/builds/cft/151.0.7922.34/linux64/chrome-headless-shell-linux64.zip
test	Run pnpm exec playwright install --with-deps chromium	2026-09-21T08:10:18.7743571Z |                                                                                |   0% of 114.7 MiB
test	Run pnpm exec playwright install --with-deps chromium	2026-09-21T08:10:18.9524645Z |■■■■■■■■                                                                        |  10% of 114.7 MiB
test	Run pnpm exec playwright install --with-deps chromium	2026-09-21T08:10:19.0304581Z |■■■■■■■■■■■■■■■■                                                                |  20% of 114.7 MiB
test	Run pnpm exec playwright install --with-deps chromium	2026-09-21T08:10:19.0943509Z |■■■■■■■■■■■■■■■■■■■■■■■■                                                        |  30% of 114.7 MiB
test	Run pnpm exec playwright install --with-deps chromium	2026-09-21T08:10:19.1492606Z |■■■■■■■■■■■■■■■■■■■■■■■■■■■■■■■■                                                |  40% of 114.7 MiB
test	Run pnpm exec playwright install --with-deps chromium	2026-09-21T08:10:19.1999430Z |■■■■■■■■■■■■■■■■■■■■■■■■■■■■■■■■■■■■■■■■                                        |  50% of 114.7 MiB
test	Run pnpm exec playwright install --with-deps chromium	2026-09-21T08:10:19.2409163Z |■■■■■■■■■■■■■■■■■■■■■■■■■■■■■■■■■■■■■■■■■■■■■■■■                                |  60% of 114.7 MiB
test	Run pnpm exec playwright install --with-deps chromium	2026-09-21T08:10:19.2790119Z |■■■■■■■■■■■■■■■■■■■■■■■■■■■■■■■■■■■■■■■■■■■■■■■■■■■■■■■■                        |  70% of 114.7 MiB
test	Run pnpm exec playwright install --with-deps chromium	2026-09-21T08:10:19.3327629Z |■■■■■■■■■■■■■■■■■■■■■■■■■■■■■■■■■■■■■■■■■■■■■■■■■■■■■■■■■■■■■■■■                |  80% of 114.7 MiB
test	Run pnpm exec playwright install --with-deps chromium	2026-09-21T08:10:19.3849205Z |■■■■■■■■■■■■■■■■■■■■■■■■■■■■■■■■■■■■■■■■■■■■■■■■■■■■■■■■■■■■■■■■■■■■■■■■        |  90% of 114.7 MiB
test	Run pnpm exec playwright install --with-deps chromium	2026-09-21T08:10:19.4316750Z |■■■■■■■■■■■■■■■■■■■■■■■■■■■■■■■■■■■■■■■■■■■■■■■■■■■■■■■■■■■■■■■■■■■■■■■■■■■■■■■■| 100% of 114.7 MiB
test	Run pnpm exec playwright install --with-deps chromium	2026-09-21T08:10:21.3714636Z Chrome Headless Shell 151.0.7922.34 (playwright chromium-headless-shell v1234) downloaded to /home/runner/.cache/ms-playwright/chromium_headless_shell-1234
test	Run pnpm sdk:check:test	﻿2026-09-21T08:10:21.3956560Z ##[group]Run pnpm sdk:check:test
test	Run pnpm sdk:check:test	2026-09-21T08:10:21.3956891Z ^[[36;1mpnpm sdk:check:test^[[0m
test	Run pnpm sdk:check:test	2026-09-21T08:10:21.3992560Z shell: /usr/bin/bash -e {0}
test	Run pnpm sdk:check:test	2026-09-21T08:10:21.3993072Z env:
test	Run pnpm sdk:check:test	2026-09-21T08:10:21.3993380Z   PNPM_HOME: /home/runner/setup-pnpm/node_modules/.bin
test	Run pnpm sdk:check:test	2026-09-21T08:10:21.3993791Z ##[endgroup]
test	Run pnpm sdk:check:test	2026-09-21T08:10:21.7028083Z 
test	Run pnpm sdk:check:test	2026-09-21T08:10:21.7029344Z > web-model-sdk-portal@0.0.1 sdk:check:test /home/runner/work/chenmohan123.github.io/chenmohan123.github.io
test	Run pnpm sdk:check:test	2026-09-21T08:10:21.7030502Z > vitest run tools/sdk-standard-check
test	Run pnpm sdk:check:test	2026-09-21T08:10:21.7030874Z 
test	Run pnpm sdk:check:test	2026-09-21T08:10:22.0270819Z 
test	Run pnpm sdk:check:test	2026-09-21T08:10:22.0273681Z ^[[1m^[[46m RUN ^[[49m^[[22m ^[[36mv3.2.7 ^[[39m^[[90m/home/runner/work/chenmohan123.github.io/chenmohan123.github.io^[[39m
test	Run pnpm sdk:check:test	2026-09-21T08:10:22.0274606Z 
test	Run pnpm sdk:check:test	2026-09-21T08:10:24.0337963Z  ^[[32m✓^[[39m tools/sdk-standard-check/standard-files.test.ts ^[[2m(^[[22m^[[2m7 tests^[[22m^[[2m)^[[22m^[[32m 238^[[2mms^[[22m^[[39m
test	Run pnpm sdk:check:test	2026-09-21T08:10:24.2905046Z  ^[[32m✓^[[39m tools/sdk-standard-check/checker.test.ts ^[[2m(^[[22m^[[2m13 tests^[[22m^[[2m)^[[22m^[[33m 433^[[2mms^[[22m^[[39m
test	Run pnpm sdk:check:test	2026-09-21T08:10:24.7235092Z  ^[[32m✓^[[39m tools/sdk-standard-check/hybrid.test.ts ^[[2m(^[[22m^[[2m35 tests^[[22m^[[2m)^[[22m^[[33m 877^[[2mms^[[22m^[[39m
test	Run pnpm sdk:check:test	2026-09-21T08:10:26.2234751Z  ^[[32m✓^[[39m tools/sdk-standard-check/algorithm.test.ts ^[[2m(^[[22m^[[2m27 tests^[[22m^[[2m)^[[22m^[[33m 525^[[2mms^[[22m^[[39m
test	Run pnpm sdk:check:test	2026-09-21T08:10:26.5339793Z  ^[[32m✓^[[39m tools/sdk-standard-check/manifest-validation.test.ts ^[[2m(^[[22m^[[2m22 tests^[[22m^[[2m)^[[22m^[[33m 922^[[2mms^[[22m^[[39m
test	Run pnpm sdk:check:test	2026-09-21T08:10:26.5341909Z    ^[[33m^[[2m✓^[[22m^[[39m 清单完整 schema 校验^[[2m > ^[[22mYAML 中错误的资产数组返回 CONFIG-001 和 CLI 退出码 1 ^[[33m 335^[[2mms^[[22m^[[39m
test	Run pnpm sdk:check:test	2026-09-21T08:10:26.5564509Z 
test	Run pnpm sdk:check:test	2026-09-21T08:10:26.5570053Z ^[[2m Test Files ^[[22m ^[[1m^[[32m5 passed^[[39m^[[22m^[[90m (5)^[[39m
test	Run pnpm sdk:check:test	2026-09-21T08:10:26.5571080Z ^[[2m      Tests ^[[22m ^[[1m^[[32m104 passed^[[39m^[[22m^[[90m (104)^[[39m
test	Run pnpm sdk:check:test	2026-09-21T08:10:26.5571840Z ^[[2m   Start at ^[[22m 08:10:22
test	Run pnpm sdk:check:test	2026-09-21T08:10:26.5573806Z ^[[2m   Duration ^[[22m 4.53s^[[2m (transform 226ms, setup 1.22s, collect 699ms, tests 3.00s, environment 4.97s, prepare 587ms)^[[22m
test	Run pnpm sdk:check:test	2026-09-21T08:10:26.5574668Z 
test	Run pnpm run sdk:check --repo tools/sdk-standard-check/fixtures/complete-sdk --format table	﻿2026-09-21T08:10:26.6577614Z ##[group]Run pnpm run sdk:check --repo tools/sdk-standard-check/fixtures/complete-sdk --format table
test	Run pnpm run sdk:check --repo tools/sdk-standard-check/fixtures/complete-sdk --format table	2026-09-21T08:10:26.6578349Z ^[[36;1mpnpm run sdk:check --repo tools/sdk-standard-check/fixtures/complete-sdk --format table^[[0m
test	Run pnpm run sdk:check --repo tools/sdk-standard-check/fixtures/complete-sdk --format table	2026-09-21T08:10:26.6614855Z shell: /usr/bin/bash -e {0}
test	Run pnpm run sdk:check --repo tools/sdk-standard-check/fixtures/complete-sdk --format table	2026-09-21T08:10:26.6615116Z env:
test	Run pnpm run sdk:check --repo tools/sdk-standard-check/fixtures/complete-sdk --format table	2026-09-21T08:10:26.6615375Z   PNPM_HOME: /home/runner/setup-pnpm/node_modules/.bin
test	Run pnpm run sdk:check --repo tools/sdk-standard-check/fixtures/complete-sdk --format table	2026-09-21T08:10:26.6615700Z ##[endgroup]
test	Run pnpm run sdk:check --repo tools/sdk-standard-check/fixtures/complete-sdk --format table	2026-09-21T08:10:26.9619498Z 
test	Run pnpm run sdk:check --repo tools/sdk-standard-check/fixtures/complete-sdk --format table	2026-09-21T08:10:26.9620817Z > web-model-sdk-portal@0.0.1 sdk:check /home/runner/work/chenmohan123.github.io/chenmohan123.github.io
test	Run pnpm run sdk:check --repo tools/sdk-standard-check/fixtures/complete-sdk --format table	2026-09-21T08:10:26.9622859Z > node tools/sdk-standard-check/cli.mjs --repo tools/sdk-standard-check/fixtures/complete-sdk --format table
test	Run pnpm run sdk:check --repo tools/sdk-standard-check/fixtures/complete-sdk --format table	2026-09-21T08:10:26.9623689Z 
test	Run pnpm run sdk:check --repo tools/sdk-standard-check/fixtures/complete-sdk --format table	2026-09-21T08:10:27.2187507Z Repository | Status | Required failed | Required skipped | Required unknown | Recommended failed
test	Run pnpm run sdk:check --repo tools/sdk-standard-check/fixtures/complete-sdk --format table	2026-09-21T08:10:27.2188806Z --- | --- | ---: | ---: | ---: | ---:
test	Run pnpm run sdk:check --repo tools/sdk-standard-check/fixtures/complete-sdk --format table	2026-09-21T08:10:27.2189664Z complete-sdk | locally-compliant | 0 | 7 | 0 | 1
test	Run pnpm test	﻿2026-09-21T08:10:27.2370520Z ##[group]Run pnpm test
test	Run pnpm test	2026-09-21T08:10:27.2371030Z ^[[36;1mpnpm test^[[0m
test	Run pnpm test	2026-09-21T08:10:27.2422518Z shell: /usr/bin/bash -e {0}
test	Run pnpm test	2026-09-21T08:10:27.2423296Z env:
test	Run pnpm test	2026-09-21T08:10:27.2423759Z   PNPM_HOME: /home/runner/setup-pnpm/node_modules/.bin
test	Run pnpm test	2026-09-21T08:10:27.2424351Z ##[endgroup]
test	Run pnpm test	2026-09-21T08:10:27.5490157Z 
test	Run pnpm test	2026-09-21T08:10:27.5491148Z > web-model-sdk-portal@0.0.1 test /home/runner/work/chenmohan123.github.io/chenmohan123.github.io
test	Run pnpm test	2026-09-21T08:10:27.5491875Z > vitest run
test	Run pnpm test	2026-09-21T08:10:27.5492043Z 
test	Run pnpm test	2026-09-21T08:10:27.8560227Z 
test	Run pnpm test	2026-09-21T08:10:27.8562627Z ^[[1m^[[46m RUN ^[[49m^[[22m ^[[36mv3.2.7 ^[[39m^[[90m/home/runner/work/chenmohan123.github.io/chenmohan123.github.io^[[39m
test	Run pnpm test	2026-09-21T08:10:27.8563814Z 
test	Run pnpm test	2026-09-21T08:10:29.8933763Z  ^[[32m✓^[[39m src/content/models/registry.test.ts ^[[2m(^[[22m^[[2m6 tests^[[22m^[[2m)^[[22m^[[32m 172^[[2mms^[[22m^[[39m
test	Run pnpm test	2026-09-21T08:10:30.4945563Z  ^[[32m✓^[[39m tools/sdk-standard-check/hybrid.test.ts ^[[2m(^[[22m^[[2m35 tests^[[22m^[[2m)^[[22m^[[33m 855^[[2mms^[[22m^[[39m
test	Run pnpm test	2026-09-21T08:10:31.0315187Z  ^[[32m✓^[[39m tools/sdk-standard-check/manifest-validation.test.ts ^[[2m(^[[22m^[[2m22 tests^[[22m^[[2m)^[[22m^[[33m 1394^[[2mms^[[22m^[[39m
test	Run pnpm test	2026-09-21T08:10:31.0317127Z    ^[[33m^[[2m✓^[[22m^[[39m 清单完整 schema 校验^[[2m > ^[[22mYAML 中错误的资产数组返回 CONFIG-001 和 CLI 退出码 1 ^[[33m 394^[[2mms^[[22m^[[39m
test	Run pnpm test	2026-09-21T08:10:31.0318763Z    ^[[33m^[[2m✓^[[22m^[[39m 清单完整 schema 校验^[[2m > ^[[22m多个仓库中的损坏清单不会阻止后续仓库扫描 ^[[33m 431^[[2mms^[[22m^[[39m
test	Run pnpm test	2026-09-21T08:10:32.3653800Z  ^[[32m✓^[[39m tools/sdk-standard-check/algorithm.test.ts ^[[2m(^[[22m^[[2m27 tests^[[22m^[[2m)^[[22m^[[33m 756^[[2mms^[[22m^[[39m
test	Run pnpm test	2026-09-21T08:10:32.5889669Z  ^[[32m✓^[[39m tools/sdk-standard-check/checker.test.ts ^[[2m(^[[22m^[[2m13 tests^[[22m^[[2m)^[[22m^[[33m 450^[[2mms^[[22m^[[39m
test	Run pnpm test	2026-09-21T08:10:32.9665588Z  ^[[32m✓^[[39m tools/sdk-standard-check/standard-files.test.ts ^[[2m(^[[22m^[[2m7 tests^[[22m^[[2m)^[[22m^[[32m 234^[[2mms^[[22m^[[39m
test	Run pnpm test	2026-09-21T08:10:34.3264897Z  ^[[32m✓^[[39m tools/detection-comparison/build.test.ts ^[[2m(^[[22m^[[2m5 tests^[[22m^[[2m)^[[22m^[[32m 30^[[2mms^[[22m^[[39m
test	Run pnpm test	2026-09-21T08:10:35.2169811Z  ^[[32m✓^[[39m src/components/registry/ModelDirectory.test.tsx ^[[2m(^[[22m^[[2m6 tests^[[22m^[[2m)^[[22m^[[33m 887^[[2mms^[[22m^[[39m
test	Run pnpm test	2026-09-21T08:10:35.2172074Z    ^[[33m^[[2m✓^[[22m^[[39m ModelDirectory^[[2m > ^[[22mCPU 过滤显示独立算法及无需模型权重 ^[[33m 417^[[2mms^[[22m^[[39m
test	Run pnpm test	2026-09-21T08:10:35.9833558Z  ^[[32m✓^[[39m src/components/model/DetectionComparison.test.tsx ^[[2m(^[[22m^[[2m2 tests^[[22m^[[2m)^[[22m^[[33m 1340^[[2mms^[[22m^[[39m
test	Run pnpm test	2026-09-21T08:10:35.9835925Z    ^[[33m^[[2m✓^[[22m^[[39m Detection 模型选型^[[2m > ^[[22m筛选稳定精度并保留批次，不把XS实验量化列入稳定表 ^[[33m 827^[[2mms^[[22m^[[39m
test	Run pnpm test	2026-09-21T08:10:35.9837806Z    ^[[33m^[[2m✓^[[22m^[[39m Detection 模型选型^[[2m > ^[[22m切换后端同时更新AP与耗时，明确不同汇总规则 ^[[33m 511^[[2mms^[[22m^[[39m
test	Run pnpm test	2026-09-21T08:10:36.0812107Z  ^[[32m✓^[[39m tools/detection-comparison/tiny-precision.test.ts ^[[2m(^[[22m^[[2m3 tests^[[22m^[[2m)^[[22m^[[32m 21^[[2mms^[[22m^[[39m
test	Run pnpm test	2026-09-21T08:10:37.0623890Z  ^[[32m✓^[[39m src/lib/registry/query.test.ts ^[[2m(^[[22m^[[2m4 tests^[[22m^[[2m)^[[22m^[[32m 31^[[2mms^[[22m^[[39m
test	Run pnpm test	2026-09-21T08:10:37.6166567Z  ^[[32m✓^[[39m src/lib/registry/schema.test.ts ^[[2m(^[[22m^[[2m4 tests^[[22m^[[2m)^[[22m^[[32m 79^[[2mms^[[22m^[[39m
test	Run pnpm test	2026-09-21T08:10:37.6242370Z  ^[[32m✓^[[39m tools/detection-comparison/catalog.test.ts ^[[2m(^[[22m^[[2m2 tests^[[22m^[[2m)^[[22m^[[32m 44^[[2mms^[[22m^[[39m
test	Run pnpm test	2026-09-21T08:10:37.6459856Z 
test	Run pnpm test	2026-09-21T08:10:37.6461046Z ^[[2m Test Files ^[[22m ^[[1m^[[32m13 passed^[[39m^[[22m^[[90m (13)^[[39m
test	Run pnpm test	2026-09-21T08:10:37.6462090Z ^[[2m      Tests ^[[22m ^[[1m^[[32m136 passed^[[39m^[[22m^[[90m (136)^[[39m
test	Run pnpm test	2026-09-21T08:10:37.6463130Z ^[[2m   Start at ^[[22m 08:10:27
test	Run pnpm test	2026-09-21T08:10:37.6464526Z ^[[2m   Duration ^[[22m 9.79s^[[2m (transform 470ms, setup 3.23s, collect 1.72s, tests 6.29s, environment 13.86s, prepare 1.50s)^[[22m
test	Run pnpm test	2026-09-21T08:10:37.6465371Z 
test	Run pnpm build	﻿2026-09-21T08:10:37.7758701Z ##[group]Run pnpm build
test	Run pnpm build	2026-09-21T08:10:37.7759021Z ^[[36;1mpnpm build^[[0m
test	Run pnpm build	2026-09-21T08:10:37.7794239Z shell: /usr/bin/bash -e {0}
test	Run pnpm build	2026-09-21T08:10:37.7794497Z env:
test	Run pnpm build	2026-09-21T08:10:37.7794748Z   PNPM_HOME: /home/runner/setup-pnpm/node_modules/.bin
test	Run pnpm build	2026-09-21T08:10:37.7795066Z ##[endgroup]
test	Run pnpm build	2026-09-21T08:10:38.1008008Z 
test	Run pnpm build	2026-09-21T08:10:38.1009261Z > web-model-sdk-portal@0.0.1 build /home/runner/work/chenmohan123.github.io/chenmohan123.github.io
test	Run pnpm build	2026-09-21T08:10:38.1021091Z > astro check && astro build
test	Run pnpm build	2026-09-21T08:10:38.1021391Z 
test	Run pnpm build	2026-09-21T08:10:40.1021549Z ^[[2m08:10:40^[[22m ^[[34m[content]^[[39m Syncing content
test	Run pnpm build	2026-09-21T08:10:40.1636550Z ^[[2m08:10:40^[[22m ^[[34m[content]^[[39m Synced content
test	Run pnpm build	2026-09-21T08:10:40.1651314Z ^[[2m08:10:40^[[22m ^[[34m[types]^[[39m Generated ^[[2m687ms^[[22m
test	Run pnpm build	2026-09-21T08:10:40.1717080Z ^[[2m08:10:40^[[22m ^[[34m[check]^[[39m Getting diagnostics for Astro files in /home/runner/work/chenmohan123.github.io/chenmohan123.github.io...
test	Run pnpm build	2026-09-21T08:10:44.7456623Z ^[[96mreports/sdk-standard/2026-09-12-detection-download/verify-example.mjs^[[0m:^[[93m76^[[0m:^[[93m10^[[0m - ^[[93mwarning^[[0m^[[90m ts(2568): ^[[0mProperty 'error' may not exist on type '{ date: string; browser: string; sdk: string; status: string; runs: never[]; errors: never[]; }'. Did you mean 'errors'?
test	Run pnpm build	2026-09-21T08:10:44.7459088Z 
test	Run pnpm build	2026-09-21T08:10:44.7459641Z ^[[7m76^[[0m   report.error = String(error);
test	Run pnpm build	2026-09-21T08:10:44.7460513Z ^[[7m  ^[[0m ^[[93m         ~~~~~^[[0m
test	Run pnpm build	2026-09-21T08:10:44.7463160Z ^[[96mreports/sdk-standard/2026-09-12-detection-download/verify-example.mjs^[[0m:^[[93m36^[[0m:^[[93m12^[[0m - ^[[93mwarning^[[0m^[[90m ts(2568): ^[[0mProperty 'click' may not exist on type 'SVGElement | HTMLElement'. Did you mean 'onclick'?
test	Run pnpm build	2026-09-21T08:10:44.7465157Z   Property 'click' does not exist on type 'SVGElement'.
test	Run pnpm build	2026-09-21T08:10:44.7466064Z 
test	Run pnpm build	2026-09-21T08:10:44.7466393Z ^[[7m36^[[0m     button.click();
test	Run pnpm build	2026-09-21T08:10:44.7466912Z ^[[7m  ^[[0m ^[[93m           ~~~~~^[[0m
test	Run pnpm build	2026-09-21T08:10:44.7469021Z ^[[96mreports/sdk-standard/2026-09-12-detection-download/verify-example.mjs^[[0m:^[[93m35^[[0m:^[[93m12^[[0m - ^[[93mwarning^[[0m^[[90m ts(2568): ^[[0mProperty 'click' may not exist on type 'SVGElement | HTMLElement'. Did you mean 'onclick'?
test	Run pnpm build	2026-09-21T08:10:44.7470609Z   Property 'click' does not exist on type 'SVGElement'.
test	Run pnpm build	2026-09-21T08:10:44.7470997Z 
test	Run pnpm build	2026-09-21T08:10:44.7471264Z ^[[7m35^[[0m     button.click();
test	Run pnpm build	2026-09-21T08:10:44.7471803Z ^[[7m  ^[[0m ^[[93m           ~~~~~^[[0m
test	Run pnpm build	2026-09-21T08:10:44.7472077Z 
test	Run pnpm build	2026-09-21T08:10:44.7956526Z ^[[96mreports/sdk-standard/2026-09-15-tiny-release/demo-smoke.mjs^[[0m:^[[93m161^[[0m:^[[93m10^[[0m - ^[[93mwarning^[[0m^[[90m ts(2568): ^[[0mProperty 'error' may not exist on type '{ date: string; base: string; deployment: any; os: string; cpu: string; manifestSha256: string; rows: never[]; errors: never[]; status: string; }'. Did you mean 'errors'?
test	Run pnpm build	2026-09-21T08:10:44.7958773Z 
test	Run pnpm build	2026-09-21T08:10:44.7959185Z ^[[7m161^[[0m   result.error = String(e);
test	Run pnpm build	2026-09-21T08:10:44.7959853Z ^[[7m   ^[[0m ^[[93m         ~~~~~^[[0m
test	Run pnpm build	2026-09-21T08:10:44.7960167Z 
test	Run pnpm build	2026-09-21T08:10:45.9130776Z ^[[96msrc/lib/registry/schema.ts^[[0m:^[[93m23^[[0m:^[[93m121^[[0m - ^[[93mwarning^[[0m^[[90m ts(6385): ^[[0m'(params?: string | { normalize?: boolean | undefined; pattern?: RegExp | undefined; abort?: boolean | undefined; hostname?: RegExp | undefined; protocol?: RegExp | undefined; error?: string | ... 1 more ... | undefined; message?: string | undefined; } | undefined): ZodString' is deprecated.
test	Run pnpm build	2026-09-21T08:10:45.9133262Z 
test	Run pnpm build	2026-09-21T08:10:45.9134203Z ^[[7m23^[[0m   assets: z.array(z.object({ id: z.string(), precision: z.string(), bytes: z.number().int().positive(), url: z.string().url(), sha256: z.string().regex(/^[a-f0-9]{64}$/) })),
test	Run pnpm build	2026-09-21T08:10:45.9135318Z ^[[7m  ^[[0m ^[[93m                                                                                                                        ~~~^[[0m
test	Run pnpm build	2026-09-21T08:10:45.9137465Z ^[[96msrc/lib/registry/schema.ts^[[0m:^[[93m16^[[0m:^[[93m36^[[0m - ^[[93mwarning^[[0m^[[90m ts(6385): ^[[0m'(params?: string | { normalize?: boolean | undefined; pattern?: RegExp | undefined; abort?: boolean | undefined; hostname?: RegExp | undefined; protocol?: RegExp | undefined; error?: string | ... 1 more ... | undefined; message?: string | undefined; } | undefined): ZodString' is deprecated.
test	Run pnpm build	2026-09-21T08:10:45.9139347Z 
test	Run pnpm build	2026-09-21T08:10:45.9139760Z ^[[7m16^[[0m   demo: z.object({ url: z.string().url(), localProcessing: z.boolean() }),
test	Run pnpm build	2026-09-21T08:10:45.9140327Z ^[[7m  ^[[0m ^[[93m                                   ~~~^[[0m
test	Run pnpm build	2026-09-21T08:10:45.9142346Z ^[[96msrc/lib/registry/schema.ts^[[0m:^[[93m13^[[0m:^[[93m26^[[0m - ^[[93mwarning^[[0m^[[90m ts(6385): ^[[0m'(params?: string | { normalize?: boolean | undefined; pattern?: RegExp | undefined; abort?: boolean | undefined; hostname?: RegExp | undefined; protocol?: RegExp | undefined; error?: string | ... 1 more ... | undefined; message?: string | undefined; } | undefined): ZodString' is deprecated.
test	Run pnpm build	2026-09-21T08:10:45.9143921Z 
test	Run pnpm build	2026-09-21T08:10:45.9144152Z ^[[7m13^[[0m   repository: z.string().url(),
test	Run pnpm build	2026-09-21T08:10:45.9144560Z ^[[7m  ^[[0m ^[[93m                         ~~~^[[0m
test	Run pnpm build	2026-09-21T08:10:45.9144769Z 
test	Run pnpm build	2026-09-21T08:10:46.6851078Z Result (61 files): 
test	Run pnpm build	2026-09-21T08:10:46.6851626Z - 0 errors
test	Run pnpm build	2026-09-21T08:10:46.6851999Z - 0 warnings
test	Run pnpm build	2026-09-21T08:10:46.6852266Z - 7 hints
test	Run pnpm build	2026-09-21T08:10:46.6852386Z 
test	Run pnpm build	2026-09-21T08:10:48.1624723Z ^[[2m08:10:48^[[22m ^[[34m[content]^[[39m Syncing content
test	Run pnpm build	2026-09-21T08:10:48.2214250Z ^[[2m08:10:48^[[22m ^[[34m[content]^[[39m Synced content
test	Run pnpm build	2026-09-21T08:10:48.2230084Z ^[[2m08:10:48^[[22m ^[[34m[types]^[[39m Generated ^[[2m562ms^[[22m
test	Run pnpm build	2026-09-21T08:10:48.2233251Z ^[[2m08:10:48^[[22m ^[[34m[build]^[[39m output: ^[[34m"static"^[[39m
test	Run pnpm build	2026-09-21T08:10:48.2234378Z ^[[2m08:10:48^[[22m ^[[34m[build]^[[39m mode: ^[[34m"static"^[[39m
test	Run pnpm build	2026-09-21T08:10:48.2235817Z ^[[2m08:10:48^[[22m ^[[34m[build]^[[39m directory: ^[[34m/home/runner/work/chenmohan123.github.io/chenmohan123.github.io/dist/^[[39m
test	Run pnpm build	2026-09-21T08:10:48.2237621Z ^[[2m08:10:48^[[22m ^[[34m[build]^[[39m Collecting build info...
test	Run pnpm build	2026-09-21T08:10:48.2238822Z ^[[2m08:10:48^[[22m ^[[34m[build]^[[39m ^[[32m✓ Completed in 622ms.^[[39m
test	Run pnpm build	2026-09-21T08:10:48.2253781Z ^[[2m08:10:48^[[22m ^[[34m[build]^[[39m Building static entrypoints...
test	Run pnpm build	2026-09-21T08:10:48.4705151Z ^[[2m08:10:48^[[22m ^[[34m[vite]^[[39m ^[[32m✓ built in 214ms^[[39m
test	Run pnpm build	2026-09-21T08:10:48.8558867Z ^[[2m08:10:48^[[22m ^[[34m[vite]^[[39m ^[[32m✓ built in 382ms^[[39m
test	Run pnpm build	2026-09-21T08:10:48.8600845Z ^[[2m08:10:48^[[22m ^[[34m[build]^[[39m Rearranging server assets...
test	Run pnpm build	2026-09-21T08:10:48.8867323Z 
test	Run pnpm build	2026-09-21T08:10:48.8868102Z ^[[42m^[[30m generating static routes ^[[39m^[[49m
test	Run pnpm build	2026-09-21T08:10:48.9133642Z ^[[2m08:10:48^[[22m   ^[[34m├─^[[39m ^[[2m/brands/baidu/index.html^[[22m ^[[2m(+11ms)^[[22m 
test	Run pnpm build	2026-09-21T08:10:48.9155898Z ^[[2m08:10:48^[[22m   ^[[34m├─^[[39m ^[[2m/brands/self-developed/index.html^[[22m ^[[2m(+2ms)^[[22m 
test	Run pnpm build	2026-09-21T08:10:48.9195879Z ^[[2m08:10:48^[[22m   ^[[34m├─^[[39m ^[[2m/docs/index.html^[[22m ^[[2m(+4ms)^[[22m 
test	Run pnpm build	2026-09-21T08:10:48.9445374Z ^[[2m08:10:48^[[22m   ^[[34m├─^[[39m ^[[2m/models/pp-detection/compare/index.html^[[22m ^[[2m(+25ms)^[[22m 
test	Run pnpm build	2026-09-21T08:10:48.9475682Z ^[[2m08:10:48^[[22m   ^[[34m├─^[[39m ^[[2m/models/pp-detection/index.html^[[22m ^[[2m(+3ms)^[[22m 
test	Run pnpm build	2026-09-21T08:10:48.9494334Z ^[[2m08:10:48^[[22m   ^[[34m├─^[[39m ^[[2m/models/pp-doclayoutv3/index.html^[[22m ^[[2m(+2ms)^[[22m 
test	Run pnpm build	2026-09-21T08:10:48.9512489Z ^[[2m08:10:48^[[22m   ^[[34m├─^[[39m ^[[2m/models/pp-lcnet-x1-0-doc-ori/index.html^[[22m ^[[2m(+2ms)^[[22m 
test	Run pnpm build	2026-09-21T08:10:48.9535519Z ^[[2m08:10:48^[[22m   ^[[34m├─^[[39m ^[[2m/models/pp-ocrv6/index.html^[[22m ^[[2m(+2ms)^[[22m 
test	Run pnpm build	2026-09-21T08:10:48.9566121Z ^[[2m08:10:48^[[22m   ^[[34m├─^[[39m ^[[2m/models/pp-rotated-detection/index.html^[[22m ^[[2m(+3ms)^[[22m 
test	Run pnpm build	2026-09-21T08:10:48.9586011Z ^[[2m08:10:48^[[22m   ^[[34m├─^[[39m ^[[2m/models/pp-segmentation/index.html^[[22m ^[[2m(+2ms)^[[22m 
test	Run pnpm build	2026-09-21T08:10:48.9602190Z ^[[2m08:10:48^[[22m   ^[[34m├─^[[39m ^[[2m/models/pp-tinypose/index.html^[[22m ^[[2m(+2ms)^[[22m 
test	Run pnpm build	2026-09-21T08:10:48.9617716Z ^[[2m08:10:48^[[22m   ^[[34m├─^[[39m ^[[2m/models/pp-tracking/index.html^[[22m ^[[2m(+2ms)^[[22m 
test	Run pnpm build	2026-09-21T08:10:48.9636749Z ^[[2m08:10:48^[[22m   ^[[34m├─^[[39m ^[[2m/tasks/detection/index.html^[[22m ^[[2m(+2ms)^[[22m 
test	Run pnpm build	2026-09-21T08:10:48.9651191Z ^[[2m08:10:48^[[22m   ^[[34m├─^[[39m ^[[2m/tasks/document-layout/index.html^[[22m ^[[2m(+1ms)^[[22m 
test	Run pnpm build	2026-09-21T08:10:48.9667045Z ^[[2m08:10:48^[[22m   ^[[34m├─^[[39m ^[[2m/tasks/image-correction/index.html^[[22m ^[[2m(+2ms)^[[22m 
test	Run pnpm build	2026-09-21T08:10:48.9680436Z ^[[2m08:10:48^[[22m   ^[[34m├─^[[39m ^[[2m/tasks/ocr/index.html^[[22m ^[[2m(+1ms)^[[22m 
test	Run pnpm build	2026-09-21T08:10:48.9694372Z ^[[2m08:10:48^[[22m   ^[[34m├─^[[39m ^[[2m/tasks/rotated-detection/index.html^[[22m ^[[2m(+1ms)^[[22m 
test	Run pnpm build	2026-09-21T08:10:48.9708792Z ^[[2m08:10:48^[[22m   ^[[34m├─^[[39m ^[[2m/tasks/instance-segmentation/index.html^[[22m ^[[2m(+1ms)^[[22m 
test	Run pnpm build	2026-09-21T08:10:48.9725663Z ^[[2m08:10:48^[[22m   ^[[34m├─^[[39m ^[[2m/tasks/pose-estimation/index.html^[[22m ^[[2m(+2ms)^[[22m 
test	Run pnpm build	2026-09-21T08:10:48.9742288Z ^[[2m08:10:48^[[22m   ^[[34m├─^[[39m ^[[2m/tasks/multi-object-tracking/index.html^[[22m ^[[2m(+2ms)^[[22m 
test	Run pnpm build	2026-09-21T08:10:49.0847272Z ^[[2m08:10:48^[[22m   ^[[34m├─^[[39m ^[[2m/index.html^[[22m ^[[2m(+110ms)^[[22m 
test	Run pnpm build	2026-09-21T08:10:49.0847927Z ^[[2m08:10:49^[[22m ^[[32m✓ Completed in 224ms.
test	Run pnpm build	2026-09-21T08:10:49.0848277Z ^[[39m
test	Run pnpm build	2026-09-21T08:10:49.0864874Z ^[[2m08:10:49^[[22m ^[[34m[build]^[[39m ^[[32m✓ Completed in 861ms.^[[39m
test	Run pnpm build	2026-09-21T08:10:49.0868663Z ^[[2m08:10:49^[[22m ^[[34m[build]^[[39m 21 page(s) built in ^[[1m1.49s^[[22m
test	Run pnpm build	2026-09-21T08:10:49.0869230Z ^[[2m08:10:49^[[22m ^[[34m[build]^[[39m ^[[1mComplete!^[[22m
test	Run pnpm test:e2e	﻿2026-09-21T08:10:49.1193494Z ##[group]Run pnpm test:e2e
test	Run pnpm test:e2e	2026-09-21T08:10:49.1193847Z ^[[36;1mpnpm test:e2e^[[0m
test	Run pnpm test:e2e	2026-09-21T08:10:49.1228692Z shell: /usr/bin/bash -e {0}
test	Run pnpm test:e2e	2026-09-21T08:10:49.1228957Z env:
test	Run pnpm test:e2e	2026-09-21T08:10:49.1229314Z   PNPM_HOME: /home/runner/setup-pnpm/node_modules/.bin
test	Run pnpm test:e2e	2026-09-21T08:10:49.1229743Z ##[endgroup]
test	Run pnpm test:e2e	2026-09-21T08:10:49.4345594Z 
test	Run pnpm test:e2e	2026-09-21T08:10:49.4346373Z > web-model-sdk-portal@0.0.1 test:e2e /home/runner/work/chenmohan123.github.io/chenmohan123.github.io
test	Run pnpm test:e2e	2026-09-21T08:10:49.4347536Z > playwright test
test	Run pnpm test:e2e	2026-09-21T08:10:49.4347751Z 
test	Run pnpm test:e2e	2026-09-21T08:10:53.6438012Z 
test	Run pnpm test:e2e	2026-09-21T08:10:53.6438945Z Running 16 tests using 1 worker
test	Run pnpm test:e2e	2026-09-21T08:11:04.6340850Z ················
test	Run pnpm test:e2e	2026-09-21T08:11:04.6352036Z   16 passed (14.4s)
test	Post Run actions/setup-node@v4	﻿2026-09-21T08:11:04.6673919Z Node 20 is being deprecated. This workflow is running with Node 24 by default. If you need to temporarily use Node 20, you can set the ACTIONS_ALLOW_USE_UNSECURE_NODE_VERSION=true environment variable. For more information see: https://github.blog/changelog/2025-09-19-deprecation-of-node-20-on-github-actions-runners/
test	Post Run actions/setup-node@v4	2026-09-21T08:11:04.6675413Z Post job cleanup.
test	Post Run actions/setup-node@v4	2026-09-21T08:11:04.7921117Z (node:4221) [DEP0040] DeprecationWarning: The `punycode` module is deprecated. Please use a userland alternative instead.
test	Post Run actions/setup-node@v4	2026-09-21T08:11:04.7922930Z (Use `node --trace-deprecation ...` to show where the warning was created)
test	Post Run actions/setup-node@v4	2026-09-21T08:11:04.7927193Z Cache hit occurred on the primary key node-cache-Linux-x64-pnpm-4a292ecfb2c4e69962f3d5c8b53953bb8f5e8c5530766af6e926b59b50290729, not saving cache.
test	Post Run pnpm/action-setup@v4	﻿2026-09-21T08:11:04.8045985Z Node 20 is being deprecated. This workflow is running with Node 24 by default. If you need to temporarily use Node 20, you can set the ACTIONS_ALLOW_USE_UNSECURE_NODE_VERSION=true environment variable. For more information see: https://github.blog/changelog/2025-09-19-deprecation-of-node-20-on-github-actions-runners/
test	Post Run pnpm/action-setup@v4	2026-09-21T08:11:04.8047251Z Post job cleanup.
test	Post Run pnpm/action-setup@v4	2026-09-21T08:11:04.9506839Z Pruning is unnecessary.
test	Post Run actions/checkout@v4	﻿2026-09-21T08:11:04.9653122Z Node 20 is being deprecated. This workflow is running with Node 24 by default. If you need to temporarily use Node 20, you can set the ACTIONS_ALLOW_USE_UNSECURE_NODE_VERSION=true environment variable. For more information see: https://github.blog/changelog/2025-09-19-deprecation-of-node-20-on-github-actions-runners/
test	Post Run actions/checkout@v4	2026-09-21T08:11:04.9654428Z Post job cleanup.
test	Post Run actions/checkout@v4	2026-09-21T08:11:05.0564870Z [command]/usr/bin/git version
test	Post Run actions/checkout@v4	2026-09-21T08:11:05.0607200Z git version 2.55.0
test	Post Run actions/checkout@v4	2026-09-21T08:11:05.0646659Z Temporarily overriding HOME='/home/runner/work/_temp/f3d0814f-1de4-4fbf-bc9d-8955022f5b30' before making global git config changes
test	Post Run actions/checkout@v4	2026-09-21T08:11:05.0648489Z Adding repository directory to the temporary git global config as a safe directory
test	Post Run actions/checkout@v4	2026-09-21T08:11:05.0651941Z [command]/usr/bin/git config --global --add safe.directory /home/runner/work/chenmohan123.github.io/chenmohan123.github.io
test	Post Run actions/checkout@v4	2026-09-21T08:11:05.0690627Z [command]/usr/bin/git config --local --name-only --get-regexp core\.sshCommand
test	Post Run actions/checkout@v4	2026-09-21T08:11:05.0726294Z [command]/usr/bin/git submodule foreach --recursive sh -c "git config --local --name-only --get-regexp 'core\.sshCommand' && git config --local --unset-all 'core.sshCommand' || :"
test	Post Run actions/checkout@v4	2026-09-21T08:11:05.0970426Z [command]/usr/bin/git config --local --name-only --get-regexp http\.https\:\/\/github\.com\/\.extraheader
test	Post Run actions/checkout@v4	2026-09-21T08:11:05.0997490Z http.https://github.com/.extraheader
test	Post Run actions/checkout@v4	2026-09-21T08:11:05.1009092Z [command]/usr/bin/git config --local --unset-all http.https://github.com/.extraheader
test	Post Run actions/checkout@v4	2026-09-21T08:11:05.1045553Z [command]/usr/bin/git submodule foreach --recursive sh -c "git config --local --name-only --get-regexp 'http\.https\:\/\/github\.com\/\.extraheader' && git config --local --unset-all 'http.https://github.com/.extraheader' || :"
test	Post Run actions/checkout@v4	2026-09-21T08:11:05.1288450Z [command]/usr/bin/git config --local --name-only --get-regexp ^includeIf\.gitdir:
test	Post Run actions/checkout@v4	2026-09-21T08:11:05.1323013Z [command]/usr/bin/git submodule foreach --recursive git config --local --show-origin --name-only --get-regexp remote.origin.url
test	Complete job	﻿2026-09-21T08:11:05.1707156Z Cleaning up orphan processes
test	Complete job	2026-09-21T08:11:05.2161250Z ##[warning]Node.js 20 is deprecated. The following actions target Node.js 20 but are being forced to run on Node.js 24: actions/checkout@v4, actions/setup-node@v4, pnpm/action-setup@v4. For more information see: https://github.blog/changelog/2025-09-19-deprecation-of-node-20-on-github-actions-runners/
